Archive member included to satisfy reference by file (symbol)

C:/ST/STM32CubeIDE_1.13.2/STM32CubeIDE/plugins/com.st.stm32cube.ide.mcu.externaltools.gnu-tools-for-stm32.11.3.rel1.win32_1.1.1.202309131626/tools/bin/../lib/gcc/arm-none-eabi/11.3.1/../../../../arm-none-eabi/lib/thumb/v7e-m+fp/hard\libc_nano.a(libc_a-exit.o)
                              C:/ST/STM32CubeIDE_1.13.2/STM32CubeIDE/plugins/com.st.stm32cube.ide.mcu.externaltools.gnu-tools-for-stm32.11.3.rel1.win32_1.1.1.202309131626/tools/bin/../lib/gcc/arm-none-eabi/11.3.1/../../../../arm-none-eabi/lib/thumb/v7e-m+fp/hard/crt0.o (exit)
C:/ST/STM32CubeIDE_1.13.2/STM32CubeIDE/plugins/com.st.stm32cube.ide.mcu.externaltools.gnu-tools-for-stm32.11.3.rel1.win32_1.1.1.202309131626/tools/bin/../lib/gcc/arm-none-eabi/11.3.1/../../../../arm-none-eabi/lib/thumb/v7e-m+fp/hard\libc_nano.a(libc_a-findfp.o)
                              C:/ST/STM32CubeIDE_1.13.2/STM32CubeIDE/plugins/com.st.stm32cube.ide.mcu.externaltools.gnu-tools-for-stm32.11.3.rel1.win32_1.1.1.202309131626/tools/bin/../lib/gcc/arm-none-eabi/11.3.1/../../../../arm-none-eabi/lib/thumb/v7e-m+fp/hard\libc_nano.a(libc_a-exit.o) (__stdio_exit_handler)
C:/ST/STM32CubeIDE_1.13.2/STM32CubeIDE/plugins/com.st.stm32cube.ide.mcu.externaltools.gnu-tools-for-stm32.11.3.rel1.win32_1.1.1.202309131626/tools/bin/../lib/gcc/arm-none-eabi/11.3.1/../../../../arm-none-eabi/lib/thumb/v7e-m+fp/hard\libc_nano.a(libc_a-fwalk.o)
                              C:/ST/STM32CubeIDE_1.13.2/STM32CubeIDE/plugins/com.st.stm32cube.ide.mcu.externaltools.gnu-tools-for-stm32.11.3.rel1.win32_1.1.1.202309131626/tools/bin/../lib/gcc/arm-none-eabi/11.3.1/../../../../arm-none-eabi/lib/thumb/v7e-m+fp/hard\libc_nano.a(libc_a-findfp.o) (_fwalk_sglue)
C:/ST/STM32CubeIDE_1.13.2/STM32CubeIDE/plugins/com.st.stm32cube.ide.mcu.externaltools.gnu-tools-for-stm32.11.3.rel1.win32_1.1.1.202309131626/tools/bin/../lib/gcc/arm-none-eabi/11.3.1/../../../../arm-none-eabi/lib/thumb/v7e-m+fp/hard\libc_nano.a(libc_a-stdio.o)
                              C:/ST/STM32CubeIDE_1.13.2/STM32CubeIDE/plugins/com.st.stm32cube.ide.mcu.externaltools.gnu-tools-for-stm32.11.3.rel1.win32_1.1.1.202309131626/tools/bin/../lib/gcc/arm-none-eabi/11.3.1/../../../../arm-none-eabi/lib/thumb/v7e-m+fp/hard\libc_nano.a(libc_a-findfp.o) (__sread)
C:/ST/STM32CubeIDE_1.13.2/STM32CubeIDE/plugins/com.st.stm32cube.ide.mcu.externaltools.gnu-tools-for-stm32.11.3.rel1.win32_1.1.1.202309131626/tools/bin/../lib/gcc/arm-none-eabi/11.3.1/../../../../arm-none-eabi/lib/thumb/v7e-m+fp/hard\libc_nano.a(libc_a-memset.o)
                              C:/ST/STM32CubeIDE_1.13.2/STM32CubeIDE/plugins/com.st.stm32cube.ide.mcu.externaltools.gnu-tools-for-stm32.11.3.rel1.win32_1.1.1.202309131626/tools/bin/../lib/gcc/arm-none-eabi/11.3.1/../../../../arm-none-eabi/lib/thumb/v7e-m+fp/hard/crt0.o (memset)
C:/ST/STM32CubeIDE_1.13.2/STM32CubeIDE/plugins/com.st.stm32cube.ide.mcu.externaltools.gnu-tools-for-stm32.11.3.rel1.win32_1.1.1.202309131626/tools/bin/../lib/gcc/arm-none-eabi/11.3.1/../../../../arm-none-eabi/lib/thumb/v7e-m+fp/hard\libc_nano.a(libc_a-closer.o)
                              C:/ST/STM32CubeIDE_1.13.2/STM32CubeIDE/plugins/com.st.stm32cube.ide.mcu.externaltools.gnu-tools-for-stm32.11.3.rel1.win32_1.1.1.202309131626/tools/bin/../lib/gcc/arm-none-eabi/11.3.1/../../../../arm-none-eabi/lib/thumb/v7e-m+fp/hard\libc_nano.a(libc_a-stdio.o) (_close_r)
C:/ST/STM32CubeIDE_1.13.2/STM32CubeIDE/plugins/com.st.stm32cube.ide.mcu.externaltools.gnu-tools-for-stm32.11.3.rel1.win32_1.1.1.202309131626/tools/bin/../lib/gcc/arm-none-eabi/11.3.1/../../../../arm-none-eabi/lib/thumb/v7e-m+fp/hard\libc_nano.a(libc_a-reent.o)
                              C:/ST/STM32CubeIDE_1.13.2/STM32CubeIDE/plugins/com.st.stm32cube.ide.mcu.externaltools.gnu-tools-for-stm32.11.3.rel1.win32_1.1.1.202309131626/tools/bin/../lib/gcc/arm-none-eabi/11.3.1/../../../../arm-none-eabi/lib/thumb/v7e-m+fp/hard\libc_nano.a(libc_a-closer.o) (errno)
C:/ST/STM32CubeIDE_1.13.2/STM32CubeIDE/plugins/com.st.stm32cube.ide.mcu.externaltools.gnu-tools-for-stm32.11.3.rel1.win32_1.1.1.202309131626/tools/bin/../lib/gcc/arm-none-eabi/11.3.1/../../../../arm-none-eabi/lib/thumb/v7e-m+fp/hard\libc_nano.a(libc_a-impure.o)
                              C:/ST/STM32CubeIDE_1.13.2/STM32CubeIDE/plugins/com.st.stm32cube.ide.mcu.externaltools.gnu-tools-for-stm32.11.3.rel1.win32_1.1.1.202309131626/tools/bin/../lib/gcc/arm-none-eabi/11.3.1/../../../../arm-none-eabi/lib/thumb/v7e-m+fp/hard\libc_nano.a(libc_a-reent.o) (_impure_ptr)
C:/ST/STM32CubeIDE_1.13.2/STM32CubeIDE/plugins/com.st.stm32cube.ide.mcu.externaltools.gnu-tools-for-stm32.11.3.rel1.win32_1.1.1.202309131626/tools/bin/../lib/gcc/arm-none-eabi/11.3.1/../../../../arm-none-eabi/lib/thumb/v7e-m+fp/hard\libc_nano.a(libc_a-lseekr.o)
[...]
Memory Configuration

Name             Origin             Length             Attributes
RAM              0x0000000020000000 0x0000000000004000 xrw
FLASH            0x0000000008000000 0x0000000000010000 xr
*default*        0x0000000000000000 0xffffffffffffffff

Linker script and memory map

LOAD C:/ST/STM32CubeIDE_1.13.2/STM32CubeIDE/plugins/com.st.stm32cube.ide.mcu.externaltools.gnu-tools-for-stm32.11.3.rel1.win32_1.1.1.202309131626/tools/bin/../lib/gcc/arm-none-eabi/11.3.1/thumb/v7e-m+fp/hard/crti.o
LOAD C:/ST/STM32CubeIDE_1.13.2/STM32CubeIDE/plugins/com.st.stm32cube.ide.mcu.externaltools.gnu-tools-for-stm32.11.3.rel1.win32_1.1.1.202309131626/tools/bin/../lib/gcc/arm-none-eabi/11.3.1/thumb/v7e-m+fp/hard/crtbegin.o
LOAD C:/ST/STM32CubeIDE_1.13.2/STM32CubeIDE/plugins/com.st.stm32cube.ide.mcu.externaltools.gnu-tools-for-stm32.11.3.rel1.win32_1.1.1.202309131626/tools/bin/../lib/gcc/arm-none-eabi/11.3.1/../../../../arm-none-eabi/lib/thumb/v7e-m+fp/hard/crt0.o
LOAD ./Core/Drivers/RGB_led/RGB_led.o
LOAD ./Core/Drivers/button_module/button_module.o
LOAD ./Core/Drivers/display_7seg/display_7seg.o
LOAD ./Core/Src/gpio.o
LOAD ./Core/Src/main.o
LOAD ./Core/Src/stm32f3xx_hal_msp.o
LOAD ./Core/Src/stm32f3xx_it.o
LOAD ./Core/Src/syscalls.o
LOAD ./Core/Src/sysmem.o
LOAD ./Core/Src/system_stm32f3xx.o
LOAD ./Core/Startup/startup_stm32f302r8tx.o
LOAD ./Drivers/STM32F3xx_HAL_Driver/Src/stm32f3xx_hal.o
LOAD ./Drivers/STM32F3xx_HAL_Driver/Src/stm32f3xx_hal_cortex.o
LOAD ./Drivers/STM32F3xx_HAL_Driver/Src/stm32f3xx_hal_dma.o
LOAD ./Drivers/STM32F3xx_HAL_Driver/Src/stm32f3xx_hal_exti.o
LOAD ./Drivers/STM32F3xx_HAL_Driver/Src/stm32f3xx_hal_flash.o
LOAD ./Drivers/STM32F3xx_HAL_Driver/Src/stm32f3xx_hal_flash_ex.o
LOAD ./Drivers/STM32F3xx_HAL_Driver/Src/stm32f3xx_hal_gpio.o
LOAD ./Drivers/STM32F3xx_HAL_Driver/Src/stm32f3xx_hal_i2c.o
LOAD ./Drivers/STM32F3xx_HAL_Driver/Src/stm32f3xx_hal_i2c_ex.o
LOAD ./Drivers/STM32F3xx_HAL_Driver/Src/stm32f3xx_hal_pwr.o
LOAD ./Drivers/STM32F3xx_HAL_Driver/Src/stm32f3xx_hal_pwr_ex.o
LOAD ./Drivers/STM32F3xx_HAL_Driver/Src/stm32f3xx_hal_rcc.o
LOAD ./Drivers/STM32F3xx_HAL_Driver/Src/stm32f3xx_hal_rcc_ex.o
LOAD ./Drivers/STM32F3xx_HAL_Driver/Src/stm32f3xx_ll_exti.o
LOAD ./Drivers/STM32F3xx_HAL_Driver/Src/stm32f3xx_ll_rcc.o
LOAD ./Drivers/STM32F3xx_HAL_Driver/Src/stm32f3xx_ll_utils.o
START GROUP
LOAD C:/ST/STM32CubeIDE_1.13.2/STM32CubeIDE/plugins/com.st.stm32cube.ide.mcu.externaltools.gnu-tools-for-stm32.11.3.rel1.win32_1.1.1.202309131626/tools/bin/../lib/gcc/arm-none-eabi/11.3.1/../../../../arm-none-eabi/lib/thumb/v7e-m+fp/hard\libc_nano.a
LOAD C:/ST/STM32CubeIDE_1.13.2/STM32CubeIDE/plugins/com.st.stm32cube.ide.mcu.externaltools.gnu-tools-for-stm32.11.3.rel1.win32_1.1.1.202309131626/tools/bin/../lib/gcc/arm-none-eabi/11.3.1/../../../../arm-none-eabi/lib/thumb/v7e-m+fp/hard\libm.a
END GROUP
START GROUP
LOAD C:/ST/STM32CubeIDE_1.13.2/STM32CubeIDE/plugins/com.st.stm32cube.ide.mcu.externaltools.gnu-tools-for-stm32.11.3.rel1.win32_1.1.1.202309131626/tools/bin/../lib/gcc/arm-none-eabi/11.3.1/thumb/v7e-m+fp/hard\libgcc.a
LOAD C:/ST/STM32CubeIDE_1.13.2/STM32CubeIDE/plugins/com.st.stm32cube.ide.mcu.externaltools.gnu-tools-for-stm32.11.3.rel1.win32_1.1.1.202309131626/tools/bin/../lib/gcc/arm-none-eabi/11.3.1/../../../../arm-none-eabi/lib/thumb/v7e-m+fp/hard\libc_nano.a
END GROUP
START GROUP
LOAD C:/ST/STM32CubeIDE_1.13.2/STM32CubeIDE/plugins/com.st.stm32cube.ide.mcu.externaltools.gnu-tools-for-stm32.11.3.rel1.win32_1.1.1.202309131626/tools/bin/../lib/gcc/arm-none-eabi/11.3.1/thumb/v7e-m+fp/hard\libgcc.a
LOAD C:/ST/STM32CubeIDE_1.13.2/STM32CubeIDE/plugins/com.st.stm32cube.ide.mcu.externaltools.gnu-tools-for-stm32.11.3.rel1.win32_1.1.1.202309131626/tools/bin/../lib/gcc/arm-none-eabi/11.3.1/../../../../arm-none-eabi/lib/thumb/v7e-m+fp/hard\libc_nano.a
LOAD C:/ST/STM32CubeIDE_1.13.2/STM32CubeIDE/plugins/com.st.stm32cube.ide.mcu.externaltools.gnu-tools-for-stm32.11.3.rel1.win32_1.1.1.202309131626/tools/bin/../lib/gcc/arm-none-eabi/11.3.1/../../../../arm-none-eabi/lib/thumb/v7e-m+fp/hard\libnosys.a
END GROUP
START GROUP
LOAD C:/ST/STM32CubeIDE_1.13.2/STM32CubeIDE/plugins/com.st.stm32cube.ide.mcu.externaltools.gnu-tools-for-stm32.11.3.rel1.win32_1.1.1.202309131626/tools/bin/../lib/gcc/arm-none-eabi/11.3.1/thumb/v7e-m+fp/hard\libgcc.a
LOAD C:/ST/STM32CubeIDE_1.13.2/STM32CubeIDE/plugins/com.st.stm32cube.ide.mcu.externaltools.gnu-tools-for-stm32.11.3.rel1.win32_1.1.1.202309131626/tools/bin/../lib/gcc/arm-none-eabi/11.3.1/../../../../arm-none-eabi/lib/thumb/v7e-m+fp/hard\libc_nano.a
LOAD C:/ST/STM32CubeIDE_1.13.2/STM32CubeIDE/plugins/com.st.stm32cube.ide.mcu.externaltools.gnu-tools-for-stm32.11.3.rel1.win32_1.1.1.202309131626/tools/bin/../lib/gcc/arm-none-eabi/11.3.1/../../../../arm-none-eabi/lib/thumb/v7e-m+fp/hard\libnosys.a
END GROUP
LOAD C:/ST/STM32CubeIDE_1.13.2/STM32CubeIDE/plugins/com.st.stm32cube.ide.mcu.externaltools.gnu-tools-for-stm32.11.3.rel1.win32_1.1.1.202309131626/tools/bin/../lib/gcc/arm-none-eabi/11.3.1/thumb/v7e-m+fp/hard/crtend.o
LOAD C:/ST/STM32CubeIDE_1.13.2/STM32CubeIDE/plugins/com.st.stm32cube.ide.mcu.externaltools.gnu-tools-for-stm32.11.3.rel1.win32_1.1.1.202309131626/tools/bin/../lib/gcc/arm-none-eabi/11.3.1/thumb/v7e-m+fp/hard/crtn.o
                0x0000000020004000                _estack = (ORIGIN (RAM) + LENGTH (RAM))
                0x0000000000000200                _Min_Heap_Size = 0x200
                0x0000000000000400                _Min_Stack_Size = 0x400

.isr_vector     0x0000000008000000      0x188
                0x0000000008000000                . = ALIGN (0x4)
 *(.isr_vector)
 .isr_vector    0x0000000008000000      0x188 ./Core/Startup/startup_stm32f302r8tx.o
                0x0000000008000000                g_pfnVectors
                0x0000000008000188                . = ALIGN (0x4)

.text           0x0000000008000188      0xb20
                0x0000000008000188                . = ALIGN (0x4)
 *(.text)
 .text          0x0000000008000188       0x40 C:/ST/STM32CubeIDE_1.13.2/STM32CubeIDE/plugins/com.st.stm32cube.ide.mcu.externaltools.gnu-tools-for-stm32.11.3.rel1.win32_1.1.1.202309131626/tools/bin/../lib/gcc/arm-none-eabi/11.3.1/thumb/v7e-m+fp/hard/crtbegin.o
 *(.text*)
 .text.set_RGB_led
                0x00000000080001c8       0x38 ./Core/Drivers/RGB_led/RGB_led.o
                0x00000000080001c8                set_RGB_led
 .text.LL_GPIO_SetOutputPin
                0x0000000008000200       0x1c ./Core/Src/gpio.o
 .text.LL_GPIO_ResetOutputPin
                0x000000000800021c       0x1c ./Core/Src/gpio.o
 .text.MX_GPIO_Init
                0x0000000008000238      0x108 ./Core/Src/gpio.o
                0x0000000008000238                MX_GPIO_Init
 .text.GPIO_set_pin
                0x0000000008000340       0x36 ./Core/Src/gpio.o
                0x0000000008000340                GPIO_set_pin
 *fill*         0x0000000008000376        0x2 
 .text.LL_RCC_HSI_Enable
                0x0000000008000378       0x20 ./Core/Src/main.o
 .text.LL_RCC_HSI_IsReady
                0x0000000008000398       0x24 ./Core/Src/main.o
 .text.LL_RCC_HSI_SetCalibTrimming
                0x00000000080003bc       0x2c ./Core/Src/main.o
 .text.LL_RCC_SetSysClkSource
                0x00000000080003e8       0x28 ./Core/Src/main.o
 .text.LL_RCC_GetSysClkSource
                0x0000000008000410       0x1c ./Core/Src/main.o
 .text.LL_RCC_SetAHBPrescaler
                0x000000000800042c       0x28 ./Core/Src/main.o
 .text.LL_RCC_SetAPB1Prescaler
                0x0000000008000454       0x28 ./Core/Src/main.o
 .text.LL_RCC_SetAPB2Prescaler
                0x000000000800047c       0x28 ./Core/Src/main.o
 .text.LL_FLASH_SetLatency
                0x00000000080004a4       0x28 ./Core/Src/main.o
 .text.LL_FLASH_GetLatency
                0x00000000080004cc       0x1c ./Core/Src/main.o
 .text.main     0x00000000080004e8       0x1c ./Core/Src/main.o
                0x00000000080004e8                main
 .text.SystemClock_Config
                0x0000000008000504       0x70 ./Core/Src/main.o
                0x0000000008000504                SystemClock_Config
 .text.Error_Handler
                0x0000000008000574        0xa ./Core/Src/main.o
                0x0000000008000574                Error_Handler
 *fill*         0x000000000800057e        0x2 
 .text.HAL_MspInit
                0x0000000008000580       0x48 ./Core/Src/stm32f3xx_hal_msp.o
                0x0000000008000580                HAL_MspInit
 .text.NMI_Handler
                0x00000000080005c8        0x6 ./Core/Src/stm32f3xx_it.o
                0x00000000080005c8                NMI_Handler
 .text.HardFault_Handler
                0x00000000080005ce        0x6 ./Core/Src/stm32f3xx_it.o
                0x00000000080005ce                HardFault_Handler
 .text.MemManage_Handler
                0x00000000080005d4        0x6 ./Core/Src/stm32f3xx_it.o
                0x00000000080005d4                MemManage_Handler
 .text.BusFault_Handler
                0x00000000080005da        0x6 ./Core/Src/stm32f3xx_it.o
                0x00000000080005da                BusFault_Handler
 .text.UsageFault_Handler
                0x00000000080005e0        0x6 ./Core/Src/stm32f3xx_it.o
                0x00000000080005e0                UsageFault_Handler
 .text.SVC_Handler
                0x00000000080005e6        0xe ./Core/Src/stm32f3xx_it.o
                0x00000000080005e6                SVC_Handler
 .text.DebugMon_Handler
                0x00000000080005f4        0xe ./Core/Src/stm32f3xx_it.o
                0x00000000080005f4                DebugMon_Handler
 .text.PendSV_Handler
                0x0000000008000602        0xe ./Core/Src/stm32f3xx_it.o
                0x0000000008000602                PendSV_Handler
 .text.SysTick_Handler
                0x0000000008000610        0xc ./Core/Src/stm32f3xx_it.o
                0x0000000008000610                SysTick_Handler
 .text.SystemInit
                0x000000000800061c       0x24 ./Core/Src/system_stm32f3xx.o
                0x000000000800061c                SystemInit
 .text.Reset_Handler
                0x0000000008000640       0x50 ./Core/Startup/startup_stm32f302r8tx.o
                0x0000000008000640                Reset_Handler
 .text.Default_Handler
                0x0000000008000690        0x2 ./Core/Startup/startup_stm32f302r8tx.o
                0x0000000008000690                RTC_Alarm_IRQHandler
                0x0000000008000690                TIM1_CC_IRQHandler
                0x0000000008000690                USB_HP_IRQHandler
                0x0000000008000690                PVD_IRQHandler
                0x0000000008000690                TAMP_STAMP_IRQHandler
                0x0000000008000690                EXTI3_IRQHandler
                0x0000000008000690                I2C3_ER_IRQHandler
                0x0000000008000690                USB_HP_CAN_TX_IRQHandler
                0x0000000008000690                EXTI0_IRQHandler
                0x0000000008000690                I2C2_EV_IRQHandler
                0x0000000008000690                FPU_IRQHandler
                0x0000000008000690                TIM1_UP_TIM16_IRQHandler
                0x0000000008000690                CAN_SCE_IRQHandler
                0x0000000008000690                TIM6_DAC_IRQHandler
                0x0000000008000690                DMA1_Channel4_IRQHandler
                0x0000000008000690                ADC1_IRQHandler
                0x0000000008000690                USART3_IRQHandler
                0x0000000008000690                DMA1_Channel7_IRQHandler
                0x0000000008000690                CAN_RX1_IRQHandler
                0x0000000008000690                I2C1_EV_IRQHandler
                0x0000000008000690                DMA1_Channel6_IRQHandler
                0x0000000008000690                RCC_IRQHandler
                0x0000000008000690                DMA1_Channel1_IRQHandler
                0x0000000008000690                Default_Handler
                0x0000000008000690                USBWakeUp_RMP_IRQHandler
                0x0000000008000690                EXTI15_10_IRQHandler
                0x0000000008000690                COMP2_IRQHandler
                0x0000000008000690                I2C3_EV_IRQHandler
                0x0000000008000690                EXTI9_5_IRQHandler
                0x0000000008000690                RTC_WKUP_IRQHandler
                0x0000000008000690                SPI2_IRQHandler
                0x0000000008000690                USB_LP_CAN_RX0_IRQHandler
                0x0000000008000690                DMA1_Channel5_IRQHandler
                0x0000000008000690                USB_LP_IRQHandler
                0x0000000008000690                EXTI4_IRQHandler
                0x0000000008000690                TIM1_TRG_COM_TIM17_IRQHandler
                0x0000000008000690                DMA1_Channel3_IRQHandler
                0x0000000008000690                WWDG_IRQHandler
                0x0000000008000690                TIM2_IRQHandler
                0x0000000008000690                EXTI1_IRQHandler
                0x0000000008000690                COMP4_6_IRQHandler
                0x0000000008000690                USART2_IRQHandler
                0x0000000008000690                I2C2_ER_IRQHandler
                0x0000000008000690                DMA1_Channel2_IRQHandler
                0x0000000008000690                FLASH_IRQHandler
                0x0000000008000690                USART1_IRQHandler
                0x0000000008000690                SPI3_IRQHandler
                0x0000000008000690                I2C1_ER_IRQHandler
                0x0000000008000690                USBWakeUp_IRQHandler
                0x0000000008000690                EXTI2_TSC_IRQHandler
                0x0000000008000690                TIM1_BRK_TIM15_IRQHandler
 *fill*         0x0000000008000692        0x2 
 .text.HAL_Init
                0x0000000008000694       0x2c ./Drivers/STM32F3xx_HAL_Driver/Src/stm32f3xx_hal.o
                0x0000000008000694                HAL_Init
 .text.HAL_InitTick
                0x00000000080006c0       0x60 ./Drivers/STM32F3xx_HAL_Driver/Src/stm32f3xx_hal.o
                0x00000000080006c0                HAL_InitTick
 .text.HAL_IncTick
                0x0000000008000720       0x28 ./Drivers/STM32F3xx_HAL_Driver/Src/stm32f3xx_hal.o
                0x0000000008000720                HAL_IncTick
 .text.__NVIC_SetPriorityGrouping
                0x0000000008000748       0x48 ./Drivers/STM32F3xx_HAL_Driver/Src/stm32f3xx_hal_cortex.o
 .text.__NVIC_GetPriorityGrouping
                0x0000000008000790       0x1c ./Drivers/STM32F3xx_HAL_Driver/Src/stm32f3xx_hal_cortex.o
 .text.__NVIC_SetPriority
                0x00000000080007ac       0x54 ./Drivers/STM32F3xx_HAL_Driver/Src/stm32f3xx_hal_cortex.o
 .text.NVIC_EncodePriority
                0x0000000008000800       0x66 ./Drivers/STM32F3xx_HAL_Driver/Src/stm32f3xx_hal_cortex.o
 *fill*         0x0000000008000866        0x2 
 .text.SysTick_Config
                0x0000000008000868       0x44 ./Drivers/STM32F3xx_HAL_Driver/Src/stm32f3xx_hal_cortex.o
 .text.HAL_NVIC_SetPriorityGrouping
                0x00000000080008ac       0x16 ./Drivers/STM32F3xx_HAL_Driver/Src/stm32f3xx_hal_cortex.o
                0x00000000080008ac                HAL_NVIC_SetPriorityGrouping
 .text.HAL_NVIC_SetPriority
                0x00000000080008c2       0x38 ./Drivers/STM32F3xx_HAL_Driver/Src/stm32f3xx_hal_cortex.o
                0x00000000080008c2                HAL_NVIC_SetPriority
 .text.HAL_SYSTICK_Config
                0x00000000080008fa       0x18 ./Drivers/STM32F3xx_HAL_Driver/Src/stm32f3xx_hal_cortex.o
                0x00000000080008fa                HAL_SYSTICK_Config
 *fill*         0x0000000008000912        0x2 
 .text.HAL_GPIO_Init
                0x0000000008000914      0x2e4 ./Drivers/STM32F3xx_HAL_Driver/Src/stm32f3xx_hal_gpio.o
                0x0000000008000914                HAL_GPIO_Init
 .text.HAL_GPIO_WritePin
                0x0000000008000bf8       0x30 ./Drivers/STM32F3xx_HAL_Driver/Src/stm32f3xx_hal_gpio.o
                0x0000000008000bf8                HAL_GPIO_WritePin
 .text.LL_SetSystemCoreClock
                0x0000000008000c28       0x20 ./Drivers/STM32F3xx_HAL_Driver/Src/stm32f3xx_ll_utils.o
                0x0000000008000c28                LL_SetSystemCoreClock
 .text.__libc_init_array
                0x0000000008000c48       0x48 C:/ST/STM32CubeIDE_1.13.2/STM32CubeIDE/plugins/com.st.stm32cube.ide.mcu.externaltools.gnu-tools-for-stm32.11.3.rel1.win32_1.1.1.202309131626/tools/bin/../lib/gcc/arm-none-eabi/11.3.1/../../../../arm-none-eabi/lib/thumb/v7e-m+fp/hard\libc_nano.a(libc_a-init.o)
                0x0000000008000c48                __libc_init_array
 *(.glue_7)
 .glue_7        0x0000000008000c90        0x0 linker stubs
 *(.glue_7t)
 .glue_7t       0x0000000008000c90        0x0 linker stubs
 *(.eh_frame)
 .eh_frame      0x0000000008000c90        0x0 C:/ST/STM32CubeIDE_1.13.2/STM32CubeIDE/plugins/com.st.stm32cube.ide.mcu.externaltools.gnu-tools-for-stm32.11.3.rel1.win32_1.1.1.202309131626/tools/bin/../lib/gcc/arm-none-eabi/11.3.1/thumb/v7e-m+fp/hard/crtbegin.o
 *(.init)
 .init          0x0000000008000c90        0x4 C:/ST/STM32CubeIDE_1.13.2/STM32CubeIDE/plugins/com.st.stm32cube.ide.mcu.externaltools.gnu-tools-for-stm32.11.3.rel1.win32_1.1.1.202309131626/tools/bin/../lib/gcc/arm-none-eabi/11.3.1/thumb/v7e-m+fp/hard/crti.o
                0x0000000008000c90                _init
 .init          0x0000000008000c94        0x8 C:/ST/STM32CubeIDE_1.13.2/STM32CubeIDE/plugins/com.st.stm32cube.ide.mcu.externaltools.gnu-tools-for-stm32.11.3.rel1.win32_1.1.1.202309131626/tools/bin/../lib/gcc/arm-none-eabi/11.3.1/thumb/v7e-m+fp/hard/crtn.o
 *(.fini)
 .fini          0x0000000008000c9c        0x4 C:/ST/STM32CubeIDE_1.13.2/STM32CubeIDE/plugins/com.st.stm32cube.ide.mcu.externaltools.gnu-tools-for-stm32.11.3.rel1.win32_1.1.1.202309131626/tools/bin/../lib/gcc/arm-none-eabi/11.3.1/thumb/v7e-m+fp/hard/crti.o
                0x0000000008000c9c                _fini
 .fini          0x0000000008000ca0        0x8 C:/ST/STM32CubeIDE_1.13.2/STM32CubeIDE/plugins/com.st.stm32cube.ide.mcu.externaltools.gnu-tools-for-stm32.11.3.rel1.win32_1.1.1.202309131626/tools/bin/../lib/gcc/arm-none-eabi/11.3.1/thumb/v7e-m+fp/hard/crtn.o
                0x0000000008000ca8                . = ALIGN (0x4)
                0x0000000008000ca8                _etext = .

.vfp11_veneer   0x0000000008000ca8        0x0
 .vfp11_veneer  0x0000000008000ca8        0x0 linker stubs

.v4_bx          0x0000000008000ca8        0x0
 .v4_bx         0x0000000008000ca8        0x0 linker stubs

.iplt           0x0000000008000ca8        0x0
 .iplt          0x0000000008000ca8        0x0 C:/ST/STM32CubeIDE_1.13.2/STM32CubeIDE/plugins/com.st.stm32cube.ide.mcu.externaltools.gnu-tools-for-stm32.11.3.rel1.win32_1.1.1.202309131626/tools/bin/../lib/gcc/arm-none-eabi/11.3.1/thumb/v7e-m+fp/hard/crtbegin.o

.rel.dyn        0x0000000008000ca8        0x0
 .rel.iplt      0x0000000008000ca8        0x0 C:/ST/STM32CubeIDE_1.13.2/STM32CubeIDE/plugins/com.st.stm32cube.ide.mcu.externaltools.gnu-tools-for-stm32.11.3.rel1.win32_1.1.1.202309131626/tools/bin/../lib/gcc/arm-none-eabi/11.3.1/thumb/v7e-m+fp/hard/crtbegin.o

.rodata         0x0000000008000ca8        0x0
                0x0000000008000ca8                . = ALIGN (0x4)
 *(.rodata)
 *(.rodata*)
                0x0000000008000ca8                . = ALIGN (0x4)

.ARM.extab      0x0000000008000ca8        0x0
                0x0000000008000ca8                . = ALIGN (0x4)
 *(.ARM.extab* .gnu.linkonce.armextab.*)
                0x0000000008000ca8                . = ALIGN (0x4)

.ARM            0x0000000008000ca8        0x0
                0x0000000008000ca8                . = ALIGN (0x4)
                0x0000000008000ca8                __exidx_start = .
 *(.ARM.exidx*)
                0x0000000008000ca8                __exidx_end = .
                0x0000000008000ca8                . = ALIGN (0x4)

.preinit_array  0x0000000008000ca8        0x0
                0x0000000008000ca8                . = ALIGN (0x4)
                0x0000000008000ca8                PROVIDE (__preinit_array_start = .)
 *(.preinit_array*)
                0x0000000008000ca8                PROVIDE (__preinit_array_end = .)
                0x0000000008000ca8                . = ALIGN (0x4)

.init_array     0x0000000008000ca8        0x4
                0x0000000008000ca8                . = ALIGN (0x4)
                0x0000000008000ca8                PROVIDE (__init_array_start = .)
 *(SORT_BY_NAME(.init_array.*))
 *(.init_array*)
 .init_array    0x0000000008000ca8        0x4 C:/ST/STM32CubeIDE_1.13.2/STM32CubeIDE/plugins/com.st.stm32cube.ide.mcu.externaltools.gnu-tools-for-stm32.11.3.rel1.win32_1.1.1.202309131626/tools/bin/../lib/gcc/arm-none-eabi/11.3.1/thumb/v7e-m+fp/hard/crtbegin.o
                0x0000000008000cac                PROVIDE (__init_array_end = .)
                0x0000000008000cac                . = ALIGN (0x4)

.fini_array     0x0000000008000cac        0x4
                0x0000000008000cac                . = ALIGN (0x4)
                [!provide]                        PROVIDE (__fini_array_start = .)
 *(SORT_BY_NAME(.fini_array.*))
 *(.fini_array*)
 .fini_array    0x0000000008000cac        0x4 C:/ST/STM32CubeIDE_1.13.2/STM32CubeIDE/plugins/com.st.stm32cube.ide.mcu.externaltools.gnu-tools-for-stm32.11.3.rel1.win32_1.1.1.202309131626/tools/bin/../lib/gcc/arm-none-eabi/11.3.1/thumb/v7e-m+fp/hard/crtbegin.o
                [!provide]                        PROVIDE (__fini_array_end = .)
                0x0000000008000cb0                . = ALIGN (0x4)
                0x0000000008000cb0                _sidata = LOADADDR (.data)

.data           0x0000000020000000        0xc load address 0x0000000008000cb0
                0x0000000020000000                . = ALIGN (0x4)
                0x0000000020000000                _sdata = .
 *(.data)
 *(.data*)
 .data.SystemCoreClock
                0x0000000020000000        0x4 ./Core/Src/system_stm32f3xx.o
                0x0000000020000000                SystemCoreClock
 .data.uwTickPrio
                0x0000000020000004        0x4 ./Drivers/STM32F3xx_HAL_Driver/Src/stm32f3xx_hal.o
                0x0000000020000004                uwTickPrio
 .data.uwTickFreq
                0x0000000020000008        0x1 ./Drivers/STM32F3xx_HAL_Driver/Src/stm32f3xx_hal.o
                0x0000000020000008                uwTickFreq
 *(.RamFunc)
 *(.RamFunc*)
                0x000000002000000c                . = ALIGN (0x4)
 *fill*         0x0000000020000009        0x3 
                0x000000002000000c                _edata = .

.igot.plt       0x000000002000000c        0x0 load address 0x0000000008000cbc
 .igot.plt      0x000000002000000c        0x0 C:/ST/STM32CubeIDE_1.13.2/STM32CubeIDE/plugins/com.st.stm32cube.ide.mcu.externaltools.gnu-tools-for-stm32.11.3.rel1.win32_1.1.1.202309131626/tools/bin/../lib/gcc/arm-none-eabi/11.3.1/thumb/v7e-m+fp/hard/crtbegin.o
                0x000000002000000c                . = ALIGN (0x4)

.bss            0x000000002000000c       0x20 load address 0x0000000008000cbc
                0x000000002000000c                _sbss = .
                0x000000002000000c                __bss_start__ = _sbss
 *(.bss)
 .bss           0x000000002000000c       0x1c C:/ST/STM32CubeIDE_1.13.2/STM32CubeIDE/plugins/com.st.stm32cube.ide.mcu.externaltools.gnu-tools-for-stm32.11.3.rel1.win32_1.1.1.202309131626/tools/bin/../lib/gcc/arm-none-eabi/11.3.1/thumb/v7e-m+fp/hard/crtbegin.o
 *(.bss*)
 .bss.uwTick    0x0000000020000028        0x4 ./Drivers/STM32F3xx_HAL_Driver/Src/stm32f3xx_hal.o
                0x0000000020000028                uwTick
 *(COMMON)
                0x000000002000002c                . = ALIGN (0x4)
                0x000000002000002c                _ebss = .
                0x000000002000002c                __bss_end__ = _ebss

._user_heap_stack
                0x000000002000002c      0x604 load address 0x0000000008000cbc
                0x0000000020000030                . = ALIGN (0x8)
 *fill*         0x000000002000002c        0x4 
                [!provide]                        PROVIDE (end = .)
                0x0000000020000030                PROVIDE (_end = .)
                0x0000000020000230                . = (. + _Min_Heap_Size)
 *fill*         0x0000000020000030      0x200 
                0x0000000020000630                . = (. + _Min_Stack_Size)
 *fill*         0x0000000020000230      0x400 
                0x0000000020000630                . = ALIGN (0x8)

/DISCARD/
 libc.a(*)
 libm.a(*)
 libgcc.a(*)

.ARM.attributes
                0x0000000000000000       0x30
 *(.ARM.attributes)
 .ARM.attributes
                0x0000000000000000       0x1e C:/ST/STM32CubeIDE_1.13.2/STM32CubeIDE/plugins/com.st.stm32cube.ide.mcu.externaltools.gnu-tools-for-stm32.11.3.rel1.win32_1.1.1.202309131626/tools/bin/../lib/gcc/arm-none-eabi/11.3.1/thumb/v7e-m+fp/hard/crti.o
 .ARM.attributes
                0x000000000000001e       0x34 C:/ST/STM32CubeIDE_1.13.2/STM32CubeIDE/plugins/com.st.stm32cube.ide.mcu.externaltools.gnu-tools-for-stm32.11.3.rel1.win32_1.1.1.202309131626/tools/bin/../lib/gcc/arm-none-eabi/11.3.1/thumb/v7e-m+fp/hard/crtbegin.o
 .ARM.attributes
                0x0000000000000052       0x34 ./Core/Drivers/RGB_led/RGB_led.o
 .ARM.attributes
                0x0000000000000086       0x34 ./Core/Src/gpio.o
 .ARM.attributes
                0x00000000000000ba       0x34 ./Core/Src/main.o
 .ARM.attributes
                0x00000000000000ee       0x34 ./Core/Src/stm32f3xx_hal_msp.o
 .ARM.attributes
                0x0000000000000122       0x34 ./Core/Src/stm32f3xx_it.o
 .ARM.attributes
                0x0000000000000156       0x34 ./Core/Src/system_stm32f3xx.o
 .ARM.attributes
                0x000000000000018a       0x21 ./Core/Startup/startup_stm32f302r8tx.o
 .ARM.attributes
                0x00000000000001ab       0x34 ./Drivers/STM32F3xx_HAL_Driver/Src/stm32f3xx_hal.o
 .ARM.attributes
                0x00000000000001df       0x34 ./Drivers/STM32F3xx_HAL_Driver/Src/stm32f3xx_hal_cortex.o
 .ARM.attributes
                0x0000000000000213       0x34 ./Drivers/STM32F3xx_HAL_Driver/Src/stm32f3xx_hal_gpio.o
 .ARM.attributes
                0x0000000000000247       0x34 ./Drivers/STM32F3xx_HAL_Driver/Src/stm32f3xx_ll_utils.o
 .ARM.attributes
                0x000000000000027b       0x34 C:/ST/STM32CubeIDE_1.13.2/STM32CubeIDE/plugins/com.st.stm32cube.ide.mcu.externaltools.gnu-tools-for-stm32.11.3.rel1.win32_1.1.1.202309131626/tools/bin/../lib/gcc/arm-none-eabi/11.3.1/../../../../arm-none-eabi/lib/thumb/v7e-m+fp/hard\libc_nano.a(libc_a-init.o)
 .ARM.attributes
                0x00000000000002af       0x1e C:/ST/STM32CubeIDE_1.13.2/STM32CubeIDE/plugins/com.st.stm32cube.ide.mcu.externaltools.gnu-tools-for-stm32.11.3.rel1.win32_1.1.1.202309131626/tools/bin/../lib/gcc/arm-none-eabi/11.3.1/thumb/v7e-m+fp/hard/crtn.o
OUTPUT(KilometerTracker.elf elf32-littlearm)
LOAD linker stubs
LOAD C:/ST/STM32CubeIDE_1.13.2/STM32CubeIDE/plugins/com.st.stm32cube.ide.mcu.externaltools.gnu-tools-for-stm32.11.3.rel1.win32_1.1.1.202309131626/tools/bin/../lib/gcc/arm-none-eabi/11.3.1/../../../../arm-none-eabi/lib/thumb/v7e-m+fp/hard\libc.a
LOAD C:/ST/STM32CubeIDE_1.13.2/STM32CubeIDE/plugins/com.st.stm32cube.ide.mcu.externaltools.gnu-tools-for-stm32.11.3.rel1.win32_1.1.1.202309131626/tools/bin/../lib/gcc/arm-none-eabi/11.3.1/../../../../arm-none-eabi/lib/thumb/v7e-m+fp/hard\libm.a
LOAD C:/ST/STM32CubeIDE_1.13.2/STM32CubeIDE/plugins/com.st.stm32cube.ide.mcu.externaltools.gnu-tools-for-stm32.11.3.rel1.win32_1.1.1.202309131626/tools/bin/../lib/gcc/arm-none-eabi/11.3.1/thumb/v7e-m+fp/hard\libgcc.a

.comment        0x0000000000000000       0x43
 .comment       0x0000000000000000       0x43 C:/ST/STM32CubeIDE_1.13.2/STM32CubeIDE/plugins/com.st.stm32cube.ide.mcu.externaltools.gnu-tools-for-stm32.11.3.rel1.win32_1.1.1.202309131626/tools/bin/../lib/gcc/arm-none-eabi/11.3.1/thumb/v7e-m+fp/hard/crtbegin.o
                                         0x44 (size before relaxing)
 .comment       0x0000000000000043       0x44 ./Core/Drivers/RGB_led/RGB_led.o
 .comment       0x0000000000000043       0x44 ./Core/Src/gpio.o
 .comment       0x0000000000000043       0x44 ./Core/Src/main.o
 .comment       0x0000000000000043       0x44 ./Core/Src/stm32f3xx_hal_msp.o
 .comment       0x0000000000000043       0x44 ./Core/Src/stm32f3xx_it.o
 .comment       0x0000000000000043       0x44 ./Core/Src/system_stm32f3xx.o
 .comment       0x0000000000000043       0x44 ./Drivers/STM32F3xx_HAL_Driver/Src/stm32f3xx_hal.o
 .comment       0x0000000000000043       0x44 ./Drivers/STM32F3xx_HAL_Driver/Src/stm32f3xx_hal_cortex.o
 .comment       0x0000000000000043       0x44 ./Drivers/STM32F3xx_HAL_Driver/Src/stm32f3xx_hal_gpio.o
 .comment       0x0000000000000043       0x44 ./Drivers/STM32F3xx_HAL_Driver/Src/stm32f3xx_ll_utils.o

.debug_info     0x0000000000000000     0x3182
 .debug_info    0x0000000000000000      0x11f ./Core/Drivers/RGB_led/RGB_led.o
 .debug_info    0x000000000000011f      0x4b7 ./Core/Src/gpio.o
 .debug_info    0x00000000000005d6      0x429 ./Core/Src/main.o
 .debug_info    0x00000000000009ff      0x1d5 ./Core/Src/stm32f3xx_hal_msp.o
 .debug_info    0x0000000000000bd4      0x157 ./Core/Src/stm32f3xx_it.o
 .debug_info    0x0000000000000d2b      0x407 ./Core/Src/system_stm32f3xx.o
 .debug_info    0x0000000000001132       0x23 ./Core/Startup/startup_stm32f302r8tx.o
 .debug_info    0x0000000000001155      0x774 ./Drivers/STM32F3xx_HAL_Driver/Src/stm32f3xx_hal.o
 .debug_info    0x00000000000018c9      0xab1 ./Drivers/STM32F3xx_HAL_Driver/Src/stm32f3xx_hal_cortex.o
 .debug_info    0x000000000000237a      0x5fe ./Drivers/STM32F3xx_HAL_Driver/Src/stm32f3xx_hal_gpio.o
 .debug_info    0x0000000000002978      0x80a ./Drivers/STM32F3xx_HAL_Driver/Src/stm32f3xx_ll_utils.o

.debug_abbrev   0x0000000000000000     0x10cc
 .debug_abbrev  0x0000000000000000       0xad ./Core/Drivers/RGB_led/RGB_led.o
 .debug_abbrev  0x00000000000000ad      0x1e2 ./Core/Src/gpio.o
 .debug_abbrev  0x000000000000028f      0x1f8 ./Core/Src/main.o
 .debug_abbrev  0x0000000000000487       0xdd ./Core/Src/stm32f3xx_hal_msp.o
 .debug_abbrev  0x0000000000000564       0xac ./Core/Src/stm32f3xx_it.o
 .debug_abbrev  0x0000000000000610      0x11a ./Core/Src/system_stm32f3xx.o
 .debug_abbrev  0x000000000000072a       0x12 ./Core/Startup/startup_stm32f302r8tx.o
 .debug_abbrev  0x000000000000073c      0x215 ./Drivers/STM32F3xx_HAL_Driver/Src/stm32f3xx_hal.o
 .debug_abbrev  0x0000000000000951      0x2f8 ./Drivers/STM32F3xx_HAL_Driver/Src/stm32f3xx_hal_cortex.o
 .debug_abbrev  0x0000000000000c49      0x1ca ./Drivers/STM32F3xx_HAL_Driver/Src/stm32f3xx_hal_gpio.o
 .debug_abbrev  0x0000000000000e13      0x2b9 ./Drivers/STM32F3xx_HAL_Driver/Src/stm32f3xx_ll_utils.o

.debug_aranges  0x0000000000000000      0x4e8
 .debug_aranges
                0x0000000000000000       0x20 ./Core/Drivers/RGB_led/RGB_led.o
 .debug_aranges
                0x0000000000000020       0x50 ./Core/Src/gpio.o
 .debug_aranges
                0x0000000000000070       0x80 ./Core/Src/main.o
 .debug_aranges
                0x00000000000000f0       0x20 ./Core/Src/stm32f3xx_hal_msp.o
 .debug_aranges
                0x0000000000000110       0x60 ./Core/Src/stm32f3xx_it.o
 .debug_aranges
                0x0000000000000170       0x28 ./Core/Src/system_stm32f3xx.o
 .debug_aranges
                0x0000000000000198       0x28 ./Core/Startup/startup_stm32f302r8tx.o
 .debug_aranges
                0x00000000000001c0       0xe0 ./Drivers/STM32F3xx_HAL_Driver/Src/stm32f3xx_hal.o
 .debug_aranges
                0x00000000000002a0      0x100 ./Drivers/STM32F3xx_HAL_Driver/Src/stm32f3xx_hal_cortex.o
 .debug_aranges
                0x00000000000003a0       0x58 ./Drivers/STM32F3xx_HAL_Driver/Src/stm32f3xx_hal_gpio.o
 .debug_aranges
                0x00000000000003f8       0xf0 ./Drivers/STM32F3xx_HAL_Driver/Src/stm32f3xx_ll_utils.o

.debug_rnglists
                0x0000000000000000      0x37f
 .debug_rnglists
                0x0000000000000000       0x13 ./Core/Drivers/RGB_led/RGB_led.o
 .debug_rnglists
                0x0000000000000013       0x39 ./Core/Src/gpio.o
 .debug_rnglists
                0x000000000000004c       0x5b ./Core/Src/main.o
 .debug_rnglists
                0x00000000000000a7       0x13 ./Core/Src/stm32f3xx_hal_msp.o
 .debug_rnglists
                0x00000000000000ba       0x43 ./Core/Src/stm32f3xx_it.o
 .debug_rnglists
                0x00000000000000fd       0x1a ./Core/Src/system_stm32f3xx.o
 .debug_rnglists
                0x0000000000000117       0x19 ./Core/Startup/startup_stm32f302r8tx.o
 .debug_rnglists
                0x0000000000000130       0xa3 ./Drivers/STM32F3xx_HAL_Driver/Src/stm32f3xx_hal.o
 .debug_rnglists
                0x00000000000001d3       0xbb ./Drivers/STM32F3xx_HAL_Driver/Src/stm32f3xx_hal_cortex.o
 .debug_rnglists
                0x000000000000028e       0x3f ./Drivers/STM32F3xx_HAL_Driver/Src/stm32f3xx_hal_gpio.o
 .debug_rnglists
                0x00000000000002cd       0xb2 ./Drivers/STM32F3xx_HAL_Driver/Src/stm32f3xx_ll_utils.o

.debug_macro    0x0000000000000000    0x1a887
 .debug_macro   0x0000000000000000      0x211 ./Core/Drivers/RGB_led/RGB_led.o
 .debug_macro   0x0000000000000211      0xaae ./Core/Drivers/RGB_led/RGB_led.o
 .debug_macro   0x0000000000000cbf      0x14b ./Core/Drivers/RGB_led/RGB_led.o
 .debug_macro   0x0000000000000e0a       0x2e ./Core/Drivers/RGB_led/RGB_led.o
 .debug_macro   0x0000000000000e38       0x28 ./Core/Drivers/RGB_led/RGB_led.o
 .debug_macro   0x0000000000000e60       0x22 ./Core/Drivers/RGB_led/RGB_led.o
 .debug_macro   0x0000000000000e82       0x8e ./Core/Drivers/RGB_led/RGB_led.o
 .debug_macro   0x0000000000000f10       0x51 ./Core/Drivers/RGB_led/RGB_led.o
 .debug_macro   0x0000000000000f61      0x103 ./Core/Drivers/RGB_led/RGB_led.o
 .debug_macro   0x0000000000001064       0x6a ./Core/Drivers/RGB_led/RGB_led.o
 .debug_macro   0x00000000000010ce      0x1df ./Core/Drivers/RGB_led/RGB_led.o
 .debug_macro   0x00000000000012ad       0x1c ./Core/Drivers/RGB_led/RGB_led.o
 .debug_macro   0x00000000000012c9       0x22 ./Core/Drivers/RGB_led/RGB_led.o
 .debug_macro   0x00000000000012eb       0xd9 ./Core/Drivers/RGB_led/RGB_led.o
 .debug_macro   0x00000000000013c4      0xf07 ./Core/Drivers/RGB_led/RGB_led.o
 .debug_macro   0x00000000000022cb    0x110e8 ./Core/Drivers/RGB_led/RGB_led.o
 .debug_macro   0x00000000000133b3       0x6d ./Core/Drivers/RGB_led/RGB_led.o
 .debug_macro   0x0000000000013420     0x3558 ./Core/Drivers/RGB_led/RGB_led.o
 .debug_macro   0x0000000000016978      0x174 ./Core/Drivers/RGB_led/RGB_led.o
 .debug_macro   0x0000000000016aec       0x55 ./Core/Drivers/RGB_led/RGB_led.o
 .debug_macro   0x0000000000016b41      0x8f8 ./Core/Drivers/RGB_led/RGB_led.o
 .debug_macro   0x0000000000017439      0x41b ./Core/Drivers/RGB_led/RGB_led.o
 .debug_macro   0x0000000000017854      0x1b5 ./Core/Drivers/RGB_led/RGB_led.o
 .debug_macro   0x0000000000017a09      0x161 ./Core/Drivers/RGB_led/RGB_led.o
 .debug_macro   0x0000000000017b6a      0x1d5 ./Core/Drivers/RGB_led/RGB_led.o
 .debug_macro   0x0000000000017d3f      0x1bc ./Core/Drivers/RGB_led/RGB_led.o
 .debug_macro   0x0000000000017efb       0x34 ./Core/Drivers/RGB_led/RGB_led.o
 .debug_macro   0x0000000000017f2f       0x3c ./Core/Drivers/RGB_led/RGB_led.o
 .debug_macro   0x0000000000017f6b       0x57 ./Core/Drivers/RGB_led/RGB_led.o
 .debug_macro   0x0000000000017fc2       0xc5 ./Core/Drivers/RGB_led/RGB_led.o
 .debug_macro   0x0000000000018087      0x19f ./Core/Drivers/RGB_led/RGB_led.o
 .debug_macro   0x0000000000018226      0x22c ./Core/Drivers/RGB_led/RGB_led.o
 .debug_macro   0x0000000000018452       0x5b ./Core/Drivers/RGB_led/RGB_led.o
 .debug_macro   0x00000000000184ad       0xa5 ./Core/Drivers/RGB_led/RGB_led.o
 .debug_macro   0x0000000000018552       0x81 ./Core/Drivers/RGB_led/RGB_led.o
 .debug_macro   0x00000000000185d3       0xd3 ./Core/Drivers/RGB_led/RGB_led.o
 .debug_macro   0x00000000000186a6      0x1f7 ./Core/Drivers/RGB_led/RGB_led.o
 .debug_macro   0x000000000001889d      0x555 ./Core/Drivers/RGB_led/RGB_led.o
 .debug_macro   0x0000000000018df2       0xe9 ./Core/Drivers/RGB_led/RGB_led.o
 .debug_macro   0x0000000000018edb      0x1f5 ./Core/Drivers/RGB_led/RGB_led.o
 .debug_macro   0x00000000000190d0      0x111 ./Core/Drivers/RGB_led/RGB_led.o
 .debug_macro   0x00000000000191e1       0x28 ./Core/Drivers/RGB_led/RGB_led.o
 .debug_macro   0x0000000000019209       0x30 ./Core/Drivers/RGB_led/RGB_led.o
 .debug_macro   0x0000000000019239       0xae ./Core/Drivers/RGB_led/RGB_led.o
 .debug_macro   0x00000000000192e7      0x287 ./Core/Drivers/RGB_led/RGB_led.o
 .debug_macro   0x000000000001956e      0x142 ./Core/Drivers/RGB_led/RGB_led.o
 .debug_macro   0x00000000000196b0       0x16 ./Core/Drivers/RGB_led/RGB_led.o
 .debug_macro   0x00000000000196c6      0x202 ./Core/Src/gpio.o
 .debug_macro   0x00000000000198c8      0x221 ./Core/Src/main.o
 .debug_macro   0x0000000000019ae9       0x1c ./Core/Src/main.o
 .debug_macro   0x0000000000019b05       0x9a ./Core/Src/main.o
 .debug_macro   0x0000000000019b9f       0x34 ./Core/Src/main.o
 .debug_macro   0x0000000000019bd3      0x1f8 ./Core/Src/stm32f3xx_hal_msp.o
 .debug_macro   0x0000000000019dcb      0x202 ./Core/Src/stm32f3xx_it.o
 .debug_macro   0x0000000000019fcd      0x19d ./Core/Src/system_stm32f3xx.o
 .debug_macro   0x000000000001a16a      0x1c1 ./Drivers/STM32F3xx_HAL_Driver/Src/stm32f3xx_hal.o
 .debug_macro   0x000000000001a32b      0x19d ./Drivers/STM32F3xx_HAL_Driver/Src/stm32f3xx_hal_cortex.o
 .debug_macro   0x000000000001a4c8      0x1a4 ./Drivers/STM32F3xx_HAL_Driver/Src/stm32f3xx_hal_gpio.o
 .debug_macro   0x000000000001a66c      0x21b ./Drivers/STM32F3xx_HAL_Driver/Src/stm32f3xx_ll_utils.o

.debug_line     0x0000000000000000     0x5ee4
 .debug_line    0x0000000000000000      0x7e6 ./Core/Drivers/RGB_led/RGB_led.o
 .debug_line    0x00000000000007e6      0x8fb ./Core/Src/gpio.o
 .debug_line    0x00000000000010e1      0x9f8 ./Core/Src/main.o
 .debug_line    0x0000000000001ad9      0x7cf ./Core/Src/stm32f3xx_hal_msp.o
 .debug_line    0x00000000000022a8      0x891 ./Core/Src/stm32f3xx_it.o
 .debug_line    0x0000000000002b39      0x775 ./Core/Src/system_stm32f3xx.o
 .debug_line    0x00000000000032ae       0x7a ./Core/Startup/startup_stm32f302r8tx.o
 .debug_line    0x0000000000003328      0x9aa ./Drivers/STM32F3xx_HAL_Driver/Src/stm32f3xx_hal.o
 .debug_line    0x0000000000003cd2      0xb92 ./Drivers/STM32F3xx_HAL_Driver/Src/stm32f3xx_hal_cortex.o
 .debug_line    0x0000000000004864      0xaf5 ./Drivers/STM32F3xx_HAL_Driver/Src/stm32f3xx_hal_gpio.o
 .debug_line    0x0000000000005359      0xb8b ./Drivers/STM32F3xx_HAL_Driver/Src/stm32f3xx_ll_utils.o

.debug_str      0x0000000000000000    0x9a815
 .debug_str     0x0000000000000000    0x98818 ./Core/Drivers/RGB_led/RGB_led.o
                                      0x98cc8 (size before relaxing)
 .debug_str     0x0000000000098818      0x1b4 ./Core/Src/gpio.o
                                      0x98dfd (size before relaxing)
 .debug_str     0x00000000000989cc      0x534 ./Core/Src/main.o
                                      0x9925a (size before relaxing)
 .debug_str     0x0000000000098f00       0x7c ./Core/Src/stm32f3xx_hal_msp.o
                                      0x98ca3 (size before relaxing)
 .debug_str     0x0000000000098f7c       0xc9 ./Core/Src/stm32f3xx_it.o
                                      0x98cd2 (size before relaxing)
 .debug_str     0x0000000000099045       0xd9 ./Core/Src/system_stm32f3xx.o
                                      0x928bf (size before relaxing)
 .debug_str     0x000000000009911e       0x34 ./Core/Startup/startup_stm32f302r8tx.o
                                         0x84 (size before relaxing)
 .debug_str     0x0000000000099152      0x607 ./Drivers/STM32F3xx_HAL_Driver/Src/stm32f3xx_hal.o
                                      0x93019 (size before relaxing)
 .debug_str     0x0000000000099759      0x271 ./Drivers/STM32F3xx_HAL_Driver/Src/stm32f3xx_hal_cortex.o
                                      0x92f3e (size before relaxing)
 .debug_str     0x00000000000999ca      0x144 ./Drivers/STM32F3xx_HAL_Driver/Src/stm32f3xx_hal_gpio.o
                                      0x92a35 (size before relaxing)
 .debug_str     0x0000000000099b0e      0xd07 ./Drivers/STM32F3xx_HAL_Driver/Src/stm32f3xx_ll_utils.o
                                      0x9757d (size before relaxing)

.debug_frame    0x0000000000000000     0x1160
 .debug_frame   0x0000000000000000       0x34 ./Core/Drivers/RGB_led/RGB_led.o
 .debug_frame   0x0000000000000034      0x118 ./Core/Src/gpio.o
 .debug_frame   0x000000000000014c      0x1d0 ./Core/Src/main.o
 .debug_frame   0x000000000000031c       0x38 ./Core/Src/stm32f3xx_hal_msp.o
 .debug_frame   0x0000000000000354      0x104 ./Core/Src/stm32f3xx_it.o
 .debug_frame   0x0000000000000458       0x58 ./Core/Src/system_stm32f3xx.o
 .debug_frame   0x00000000000004b0      0x334 ./Drivers/STM32F3xx_HAL_Driver/Src/stm32f3xx_hal.o
 .debug_frame   0x00000000000007e4      0x428 ./Drivers/STM32F3xx_HAL_Driver/Src/stm32f3xx_hal_cortex.o
 .debug_frame   0x0000000000000c0c      0x14c ./Drivers/STM32F3xx_HAL_Driver/Src/stm32f3xx_hal_gpio.o
 .debug_frame   0x0000000000000d58      0x3dc ./Drivers/STM32F3xx_HAL_Driver/Src/stm32f3xx_ll_utils.o
 .debug_frame   0x0000000000001134       0x2c C:/ST/STM32CubeIDE_1.13.2/STM32CubeIDE/plugins/com.st.stm32cube.ide.mcu.externaltools.gnu-tools-for-stm32.11.3.rel1.win32_1.1.1.202309131626/tools/bin/../lib/gcc/arm-none-eabi/11.3.1/../../../../arm-none-eabi/lib/thumb/v7e-m+fp/hard\libc_nano.a(libc_a-init.o)

.debug_line_str
                0x0000000000000000       0x78
 .debug_line_str
                0x0000000000000000       0x78 ./Core/Startup/startup_stm32f302r8tx.o
                                         0x90 (size before relaxing)
