Archive member included to satisfy reference by file (symbol)

C:/ST/STM32CubeIDE_1.13.2/STM32CubeIDE/plugins/com.st.stm32cube.ide.mcu.externaltools.gnu-tools-for-stm32.11.3.rel1.win32_1.1.1.202309131626/tools/bin/../lib/gcc/arm-none-eabi/11.3.1/../../../../arm-none-eabi/lib/thumb/v7e-m+fp/hard\libc_nano.a(libc_a-exit.o)
                              C:/ST/STM32CubeIDE_1.13.2/STM32CubeIDE/plugins/com.st.stm32cube.ide.mcu.externaltools.gnu-tools-for-stm32.11.3.rel1.win32_1.1.1.202309131626/tools/bin/../lib/gcc/arm-none-eabi/11.3.1/../../../../arm-none-eabi/lib/thumb/v7e-m+fp/hard/crt0.o (exit)
C:/ST/STM32CubeIDE_1.13.2/STM32CubeIDE/plugins/com.st.stm32cube.ide.mcu.externaltools.gnu-tools-for-stm32.11.3.rel1.win32_1.1.1.202309131626/tools/bin/../lib/gcc/arm-none-eabi/11.3.1/../../../../arm-none-eabi/lib/thumb/v7e-m+fp/hard\libc_nano.a(libc_a-findfp.o)
                              C:/ST/STM32CubeIDE_1.13.2/STM32CubeIDE/plugins/com.st.stm32cube.ide.mcu.externaltools.gnu-tools-for-stm32.11.3.rel1.win32_1.1.1.202309131626/tools/bin/../lib/gcc/arm-none-eabi/11.3.1/../../../../arm-none-eabi/lib/thumb/v7e-m+fp/hard\libc_nano.a(libc_a-exit.o) (__stdio_exit_handler)
C:/ST/STM32CubeIDE_1.13.2/STM32CubeIDE/plugins/com.st.stm32cube.ide.mcu.externaltools.gnu-tools-for-stm32.11.3.rel1.win32_1.1.1.202309131626/tools/bin/../lib/gcc/arm-none-eabi/11.3.1/../../../../arm-none-eabi/lib/thumb/v7e-m+fp/hard\libc_nano.a(libc_a-fwalk.o)
                              C:/ST/STM32CubeIDE_1.13.2/STM32CubeIDE/plugins/com.st.stm32cube.ide.mcu.externaltools.gnu-tools-for-stm32.11.3.rel1.win32_1.1.1.202309131626/tools/bin/../lib/gcc/arm-none-eabi/11.3.1/../../../../arm-none-eabi/lib/thumb/v7e-m+fp/hard\libc_nano.a(libc_a-findfp.o) (_fwalk_sglue)
C:/ST/STM32CubeIDE_1.13.2/STM32CubeIDE/plugins/com.st.stm32cube.ide.mcu.externaltools.gnu-tools-for-stm32.11.3.rel1.win32_1.1.1.202309131626/tools/bin/../lib/gcc/arm-none-eabi/11.3.1/../../../../arm-none-eabi/lib/thumb/v7e-m+fp/hard\libc_nano.a(libc_a-stdio.o)
                              C:/ST/STM32CubeIDE_1.13.2/STM32CubeIDE/plugins/com.st.stm32cube.ide.mcu.externaltools.gnu-tools-for-stm32.11.3.rel1.win32_1.1.1.202309131626/tools/bin/../lib/gcc/arm-none-eabi/11.3.1/../../../../arm-none-eabi/lib/thumb/v7e-m+fp/hard\libc_nano.a(libc_a-findfp.o) (__sread)
C:/ST/STM32CubeIDE_1.13.2/STM32CubeIDE/plugins/com.st.stm32cube.ide.mcu.externaltools.gnu-tools-for-stm32.11.3.rel1.win32_1.1.1.202309131626/tools/bin/../lib/gcc/arm-none-eabi/11.3.1/../../../../arm-none-eabi/lib/thumb/v7e-m+fp/hard\libc_nano.a(libc_a-memset.o)
                              C:/ST/STM32CubeIDE_1.13.2/STM32CubeIDE/plugins/com.st.stm32cube.ide.mcu.externaltools.gnu-tools-for-stm32.11.3.rel1.win32_1.1.1.202309131626/tools/bin/../lib/gcc/arm-none-eabi/11.3.1/../../../../arm-none-eabi/lib/thumb/v7e-m+fp/hard/crt0.o (memset)
C:/ST/STM32CubeIDE_1.13.2/STM32CubeIDE/plugins/com.st.stm32cube.ide.mcu.externaltools.gnu-tools-for-stm32.11.3.rel1.win32_1.1.1.202309131626/tools/bin/../lib/gcc/arm-none-eabi/11.3.1/../../../../arm-none-eabi/lib/thumb/v7e-m+fp/hard\libc_nano.a(libc_a-closer.o)
                              C:/ST/STM32CubeIDE_1.13.2/STM32CubeIDE/plugins/com.st.stm32cube.ide.mcu.externaltools.gnu-tools-for-stm32.11.3.rel1.win32_1.1.1.202309131626/tools/bin/../lib/gcc/arm-none-eabi/11.3.1/../../../../arm-none-eabi/lib/thumb/v7e-m+fp/hard\libc_nano.a(libc_a-stdio.o) (_close_r)
C:/ST/STM32CubeIDE_1.13.2/STM32CubeIDE/plugins/com.st.stm32cube.ide.mcu.externaltools.gnu-tools-for-stm32.11.3.rel1.win32_1.1.1.202309131626/tools/bin/../lib/gcc/arm-none-eabi/11.3.1/../../../../arm-none-eabi/lib/thumb/v7e-m+fp/hard\libc_nano.a(libc_a-reent.o)
                              C:/ST/STM32CubeIDE_1.13.2/STM32CubeIDE/plugins/com.st.stm32cube.ide.mcu.externaltools.gnu-tools-for-stm32.11.3.rel1.win32_1.1.1.202309131626/tools/bin/../lib/gcc/arm-none-eabi/11.3.1/../../../../arm-none-eabi/lib/thumb/v7e-m+fp/hard\libc_nano.a(libc_a-closer.o) (errno)
C:/ST/STM32CubeIDE_1.13.2/STM32CubeIDE/plugins/com.st.stm32cube.ide.mcu.externaltools.gnu-tools-for-stm32.11.3.rel1.win32_1.1.1.202309131626/tools/bin/../lib/gcc/arm-none-eabi/11.3.1/../../../../arm-none-eabi/lib/thumb/v7e-m+fp/hard\libc_nano.a(libc_a-impure.o)
                              C:/ST/STM32CubeIDE_1.13.2/STM32CubeIDE/plugins/com.st.stm32cube.ide.mcu.externaltools.gnu-tools-for-stm32.11.3.rel1.win32_1.1.1.202309131626/tools/bin/../lib/gcc/arm-none-eabi/11.3.1/../../../../arm-none-eabi/lib/thumb/v7e-m+fp/hard\libc_nano.a(libc_a-reent.o) (_impure_ptr)
C:/ST/STM32CubeIDE_1.13.2/STM32CubeIDE/plugins/com.st.stm32cube.ide.mcu.externaltools.gnu-tools-for-stm32.11.3.rel1.win32_1.1.1.202309131626/tools/bin/../lib/gcc/arm-none-eabi/11.3.1/../../../../arm-none-eabi/lib/thumb/v7e-m+fp/hard\libc_nano.a(libc_a-lseekr.o)
[...]
Memory Configuration

Name             Origin             Length             Attributes
RAM              0x0000000020000000 0x0000000000004000 xrw
FLASH            0x0000000008000000 0x0000000000010000 xr
*default*        0x0000000000000000 0xffffffffffffffff

Linker script and memory map

LOAD C:/ST/STM32CubeIDE_1.13.2/STM32CubeIDE/plugins/com.st.stm32cube.ide.mcu.externaltools.gnu-tools-for-stm32.11.3.rel1.win32_1.1.1.202309131626/tools/bin/../lib/gcc/arm-none-eabi/11.3.1/thumb/v7e-m+fp/hard/crti.o
LOAD C:/ST/STM32CubeIDE_1.13.2/STM32CubeIDE/plugins/com.st.stm32cube.ide.mcu.externaltools.gnu-tools-for-stm32.11.3.rel1.win32_1.1.1.202309131626/tools/bin/../lib/gcc/arm-none-eabi/11.3.1/thumb/v7e-m+fp/hard/crtbegin.o
LOAD C:/ST/STM32CubeIDE_1.13.2/STM32CubeIDE/plugins/com.st.stm32cube.ide.mcu.externaltools.gnu-tools-for-stm32.11.3.rel1.win32_1.1.1.202309131626/tools/bin/../lib/gcc/arm-none-eabi/11.3.1/../../../../arm-none-eabi/lib/thumb/v7e-m+fp/hard/crt0.o
LOAD ./Core/Drivers/GPS_data_handling/GPS_data_handling.o
LOAD ./Core/Drivers/RGB_led/RGB_led.o
LOAD ./Core/Drivers/button_module/button_module.o
LOAD ./Core/Drivers/display_7seg/display_7seg.o
LOAD ./Core/Src/dma.o
LOAD ./Core/Src/gpio.o
LOAD ./Core/Src/main.o
LOAD ./Core/Src/stm32f3xx_it.o
LOAD ./Core/Src/syscalls.o
LOAD ./Core/Src/sysmem.o
LOAD ./Core/Src/system_stm32f3xx.o
LOAD ./Core/Src/usart.o
LOAD ./Core/Startup/startup_stm32f302r8tx.o
LOAD ./Drivers/STM32F3xx_HAL_Driver/Src/stm32f3xx_ll_dma.o
LOAD ./Drivers/STM32F3xx_HAL_Driver/Src/stm32f3xx_ll_exti.o
LOAD ./Drivers/STM32F3xx_HAL_Driver/Src/stm32f3xx_ll_gpio.o
LOAD ./Drivers/STM32F3xx_HAL_Driver/Src/stm32f3xx_ll_rcc.o
LOAD ./Drivers/STM32F3xx_HAL_Driver/Src/stm32f3xx_ll_usart.o
LOAD ./Drivers/STM32F3xx_HAL_Driver/Src/stm32f3xx_ll_utils.o
START GROUP
LOAD C:/ST/STM32CubeIDE_1.13.2/STM32CubeIDE/plugins/com.st.stm32cube.ide.mcu.externaltools.gnu-tools-for-stm32.11.3.rel1.win32_1.1.1.202309131626/tools/bin/../lib/gcc/arm-none-eabi/11.3.1/../../../../arm-none-eabi/lib/thumb/v7e-m+fp/hard\libc_nano.a
LOAD C:/ST/STM32CubeIDE_1.13.2/STM32CubeIDE/plugins/com.st.stm32cube.ide.mcu.externaltools.gnu-tools-for-stm32.11.3.rel1.win32_1.1.1.202309131626/tools/bin/../lib/gcc/arm-none-eabi/11.3.1/../../../../arm-none-eabi/lib/thumb/v7e-m+fp/hard\libm.a
END GROUP
START GROUP
LOAD C:/ST/STM32CubeIDE_1.13.2/STM32CubeIDE/plugins/com.st.stm32cube.ide.mcu.externaltools.gnu-tools-for-stm32.11.3.rel1.win32_1.1.1.202309131626/tools/bin/../lib/gcc/arm-none-eabi/11.3.1/thumb/v7e-m+fp/hard\libgcc.a
LOAD C:/ST/STM32CubeIDE_1.13.2/STM32CubeIDE/plugins/com.st.stm32cube.ide.mcu.externaltools.gnu-tools-for-stm32.11.3.rel1.win32_1.1.1.202309131626/tools/bin/../lib/gcc/arm-none-eabi/11.3.1/../../../../arm-none-eabi/lib/thumb/v7e-m+fp/hard\libc_nano.a
END GROUP
START GROUP
LOAD C:/ST/STM32CubeIDE_1.13.2/STM32CubeIDE/plugins/com.st.stm32cube.ide.mcu.externaltools.gnu-tools-for-stm32.11.3.rel1.win32_1.1.1.202309131626/tools/bin/../lib/gcc/arm-none-eabi/11.3.1/thumb/v7e-m+fp/hard\libgcc.a
LOAD C:/ST/STM32CubeIDE_1.13.2/STM32CubeIDE/plugins/com.st.stm32cube.ide.mcu.externaltools.gnu-tools-for-stm32.11.3.rel1.win32_1.1.1.202309131626/tools/bin/../lib/gcc/arm-none-eabi/11.3.1/../../../../arm-none-eabi/lib/thumb/v7e-m+fp/hard\libc_nano.a
LOAD C:/ST/STM32CubeIDE_1.13.2/STM32CubeIDE/plugins/com.st.stm32cube.ide.mcu.externaltools.gnu-tools-for-stm32.11.3.rel1.win32_1.1.1.202309131626/tools/bin/../lib/gcc/arm-none-eabi/11.3.1/../../../../arm-none-eabi/lib/thumb/v7e-m+fp/hard\libnosys.a
END GROUP
START GROUP
LOAD C:/ST/STM32CubeIDE_1.13.2/STM32CubeIDE/plugins/com.st.stm32cube.ide.mcu.externaltools.gnu-tools-for-stm32.11.3.rel1.win32_1.1.1.202309131626/tools/bin/../lib/gcc/arm-none-eabi/11.3.1/thumb/v7e-m+fp/hard\libgcc.a
LOAD C:/ST/STM32CubeIDE_1.13.2/STM32CubeIDE/plugins/com.st.stm32cube.ide.mcu.externaltools.gnu-tools-for-stm32.11.3.rel1.win32_1.1.1.202309131626/tools/bin/../lib/gcc/arm-none-eabi/11.3.1/../../../../arm-none-eabi/lib/thumb/v7e-m+fp/hard\libc_nano.a
LOAD C:/ST/STM32CubeIDE_1.13.2/STM32CubeIDE/plugins/com.st.stm32cube.ide.mcu.externaltools.gnu-tools-for-stm32.11.3.rel1.win32_1.1.1.202309131626/tools/bin/../lib/gcc/arm-none-eabi/11.3.1/../../../../arm-none-eabi/lib/thumb/v7e-m+fp/hard\libnosys.a
END GROUP
LOAD C:/ST/STM32CubeIDE_1.13.2/STM32CubeIDE/plugins/com.st.stm32cube.ide.mcu.externaltools.gnu-tools-for-stm32.11.3.rel1.win32_1.1.1.202309131626/tools/bin/../lib/gcc/arm-none-eabi/11.3.1/thumb/v7e-m+fp/hard/crtend.o
LOAD C:/ST/STM32CubeIDE_1.13.2/STM32CubeIDE/plugins/com.st.stm32cube.ide.mcu.externaltools.gnu-tools-for-stm32.11.3.rel1.win32_1.1.1.202309131626/tools/bin/../lib/gcc/arm-none-eabi/11.3.1/thumb/v7e-m+fp/hard/crtn.o
                0x0000000020004000                _estack = (ORIGIN (RAM) + LENGTH (RAM))
                0x0000000000000200                _Min_Heap_Size = 0x200
                0x0000000000000400                _Min_Stack_Size = 0x400

.isr_vector     0x0000000008000000      0x188
                0x0000000008000000                . = ALIGN (0x4)
 *(.isr_vector)
 .isr_vector    0x0000000008000000      0x188 ./Core/Startup/startup_stm32f302r8tx.o
                0x0000000008000000                g_pfnVectors
                0x0000000008000188                . = ALIGN (0x4)

.text           0x0000000008000188     0x1cfc
                0x0000000008000188                . = ALIGN (0x4)
 *(.text)
 .text          0x0000000008000188       0x40 C:/ST/STM32CubeIDE_1.13.2/STM32CubeIDE/plugins/com.st.stm32cube.ide.mcu.externaltools.gnu-tools-for-stm32.11.3.rel1.win32_1.1.1.202309131626/tools/bin/../lib/gcc/arm-none-eabi/11.3.1/thumb/v7e-m+fp/hard/crtbegin.o
 *(.text*)
 .text.set_RGB_led
                0x00000000080001c8       0x38 ./Core/Drivers/RGB_led/RGB_led.o
                0x00000000080001c8                set_RGB_led
 .text.__NVIC_GetPriorityGrouping
                0x0000000008000200       0x1c ./Core/Src/dma.o
 .text.__NVIC_EnableIRQ
                0x000000000800021c       0x3c ./Core/Src/dma.o
 .text.__NVIC_SetPriority
                0x0000000008000258       0x54 ./Core/Src/dma.o
 .text.NVIC_EncodePriority
                0x00000000080002ac       0x66 ./Core/Src/dma.o
 *fill*         0x0000000008000312        0x2 
 .text.LL_AHB1_GRP1_EnableClock
                0x0000000008000314       0x30 ./Core/Src/dma.o
 .text.MX_DMA_Init
                0x0000000008000344       0x4e ./Core/Src/dma.o
                0x0000000008000344                MX_DMA_Init
 *fill*         0x0000000008000392        0x2 
 .text.LL_AHB1_GRP1_EnableClock
                0x0000000008000394       0x30 ./Core/Src/gpio.o
 .text.LL_GPIO_SetOutputPin
                0x00000000080003c4       0x1c ./Core/Src/gpio.o
 .text.LL_GPIO_ResetOutputPin
                0x00000000080003e0       0x1c ./Core/Src/gpio.o
 .text.MX_GPIO_Init
                0x00000000080003fc       0xd4 ./Core/Src/gpio.o
                0x00000000080003fc                MX_GPIO_Init
 .text.GPIO_set_pin
                0x00000000080004d0       0x36 ./Core/Src/gpio.o
                0x00000000080004d0                GPIO_set_pin
 *fill*         0x0000000008000506        0x2 
 .text.__NVIC_SetPriorityGrouping
                0x0000000008000508       0x48 ./Core/Src/main.o
 .text.__NVIC_GetPriorityGrouping
                0x0000000008000550       0x1c ./Core/Src/main.o
 .text.__NVIC_SetPriority
                0x000000000800056c       0x54 ./Core/Src/main.o
 .text.NVIC_EncodePriority
                0x00000000080005c0       0x66 ./Core/Src/main.o
 *fill*         0x0000000008000626        0x2 
 .text.LL_RCC_HSI_Enable
                0x0000000008000628       0x20 ./Core/Src/main.o
 .text.LL_RCC_HSI_IsReady
                0x0000000008000648       0x24 ./Core/Src/main.o
 .text.LL_RCC_HSI_SetCalibTrimming
                0x000000000800066c       0x2c ./Core/Src/main.o
 .text.LL_RCC_SetSysClkSource
                0x0000000008000698       0x28 ./Core/Src/main.o
 .text.LL_RCC_GetSysClkSource
                0x00000000080006c0       0x1c ./Core/Src/main.o
 .text.LL_RCC_SetAHBPrescaler
                0x00000000080006dc       0x28 ./Core/Src/main.o
 .text.LL_RCC_SetAPB1Prescaler
                0x0000000008000704       0x28 ./Core/Src/main.o
 .text.LL_RCC_SetAPB2Prescaler
                0x000000000800072c       0x28 ./Core/Src/main.o
 .text.LL_RCC_SetUSARTClockSource
                0x0000000008000754       0x38 ./Core/Src/main.o
 .text.LL_APB1_GRP1_EnableClock
                0x000000000800078c       0x30 ./Core/Src/main.o
 .text.LL_APB2_GRP1_EnableClock
                0x00000000080007bc       0x30 ./Core/Src/main.o
 .text.LL_FLASH_SetLatency
                0x00000000080007ec       0x28 ./Core/Src/main.o
 .text.LL_FLASH_GetLatency
                0x0000000008000814       0x1c ./Core/Src/main.o
 .text.main     0x0000000008000830       0x5c ./Core/Src/main.o
                0x0000000008000830                main
 .text.SystemClock_Config
                0x000000000800088c       0x6c ./Core/Src/main.o
                0x000000000800088c                SystemClock_Config
 .text.proccesDmaData
                0x00000000080008f8       0x16 ./Core/Src/main.o
                0x00000000080008f8                proccesDmaData
 *fill*         0x000000000800090e        0x2 
 .text.LL_DMA_DisableChannel
                0x0000000008000910       0x40 ./Core/Src/stm32f3xx_it.o
 .text.LL_DMA_IsActiveFlag_TC6
                0x0000000008000950       0x28 ./Core/Src/stm32f3xx_it.o
 .text.LL_DMA_IsActiveFlag_TC7
                0x0000000008000978       0x28 ./Core/Src/stm32f3xx_it.o
 .text.LL_DMA_IsActiveFlag_HT6
                0x00000000080009a0       0x28 ./Core/Src/stm32f3xx_it.o
 .text.LL_DMA_ClearFlag_TC6
                0x00000000080009c8       0x1c ./Core/Src/stm32f3xx_it.o
 .text.LL_DMA_ClearFlag_TC7
                0x00000000080009e4       0x1c ./Core/Src/stm32f3xx_it.o
 .text.LL_DMA_ClearFlag_HT6
                0x0000000008000a00       0x1c ./Core/Src/stm32f3xx_it.o
 .text.LL_USART_IsActiveFlag_IDLE
                0x0000000008000a1c       0x26 ./Core/Src/stm32f3xx_it.o
 .text.LL_USART_IsActiveFlag_TC
                0x0000000008000a42       0x26 ./Core/Src/stm32f3xx_it.o
 .text.LL_USART_ClearFlag_IDLE
                0x0000000008000a68       0x1a ./Core/Src/stm32f3xx_it.o
 .text.NMI_Handler
                0x0000000008000a82        0x6 ./Core/Src/stm32f3xx_it.o
                0x0000000008000a82                NMI_Handler
 .text.HardFault_Handler
                0x0000000008000a88        0x6 ./Core/Src/stm32f3xx_it.o
                0x0000000008000a88                HardFault_Handler
 .text.MemManage_Handler
                0x0000000008000a8e        0x6 ./Core/Src/stm32f3xx_it.o
                0x0000000008000a8e                MemManage_Handler
 .text.BusFault_Handler
                0x0000000008000a94        0x6 ./Core/Src/stm32f3xx_it.o
                0x0000000008000a94                BusFault_Handler
 .text.UsageFault_Handler
                0x0000000008000a9a        0x6 ./Core/Src/stm32f3xx_it.o
                0x0000000008000a9a                UsageFault_Handler
 .text.SVC_Handler
                0x0000000008000aa0        0xe ./Core/Src/stm32f3xx_it.o
                0x0000000008000aa0                SVC_Handler
 .text.DebugMon_Handler
                0x0000000008000aae        0xe ./Core/Src/stm32f3xx_it.o
                0x0000000008000aae                DebugMon_Handler
 .text.PendSV_Handler
                0x0000000008000abc        0xe ./Core/Src/stm32f3xx_it.o
                0x0000000008000abc                PendSV_Handler
 .text.SysTick_Handler
                0x0000000008000aca        0xe ./Core/Src/stm32f3xx_it.o
                0x0000000008000aca                SysTick_Handler
 .text.DMA1_Channel4_IRQHandler
                0x0000000008000ad8       0x3c ./Core/Src/stm32f3xx_it.o
                0x0000000008000ad8                DMA1_Channel4_IRQHandler
 .text.DMA1_Channel5_IRQHandler
                0x0000000008000b14       0x38 ./Core/Src/stm32f3xx_it.o
                0x0000000008000b14                DMA1_Channel5_IRQHandler
 .text.USART1_IRQHandler
                0x0000000008000b4c       0x24 ./Core/Src/stm32f3xx_it.o
                0x0000000008000b4c                USART1_IRQHandler
 .text.SystemInit
                0x0000000008000b70       0x24 ./Core/Src/system_stm32f3xx.o
                0x0000000008000b70                SystemInit
 .text.__NVIC_EnableIRQ
                0x0000000008000b94       0x3c ./Core/Src/usart.o
 .text.__NVIC_SetPriority
                0x0000000008000bd0       0x54 ./Core/Src/usart.o
 .text.LL_DMA_EnableChannel
                0x0000000008000c24       0x40 ./Core/Src/usart.o
 .text.LL_DMA_DisableChannel
                0x0000000008000c64       0x40 ./Core/Src/usart.o
 .text.LL_DMA_SetDataTransferDirection
                0x0000000008000ca4       0x4c ./Core/Src/usart.o
 .text.LL_DMA_GetDataTransferDirection
                0x0000000008000cf0       0x30 ./Core/Src/usart.o
 .text.LL_DMA_SetMode
                0x0000000008000d20       0x48 ./Core/Src/usart.o
 .text.LL_DMA_SetPeriphIncMode
                0x0000000008000d68       0x48 ./Core/Src/usart.o
 .text.LL_DMA_SetMemoryIncMode
                0x0000000008000db0       0x48 ./Core/Src/usart.o
 .text.LL_DMA_SetPeriphSize
                0x0000000008000df8       0x48 ./Core/Src/usart.o
 .text.LL_DMA_SetMemorySize
                0x0000000008000e40       0x48 ./Core/Src/usart.o
 .text.LL_DMA_SetChannelPriorityLevel
                0x0000000008000e88       0x48 ./Core/Src/usart.o
 .text.LL_DMA_SetDataLength
                0x0000000008000ed0       0x48 ./Core/Src/usart.o
 .text.LL_DMA_GetDataLength
                0x0000000008000f18       0x2c ./Core/Src/usart.o
 .text.LL_DMA_ConfigAddresses
                0x0000000008000f44       0x78 ./Core/Src/usart.o
 .text.LL_DMA_SetMemoryAddress
                0x0000000008000fbc       0x30 ./Core/Src/usart.o
 .text.LL_DMA_SetPeriphAddress
                0x0000000008000fec       0x30 ./Core/Src/usart.o
 .text.LL_DMA_EnableIT_TC
                0x000000000800101c       0x40 ./Core/Src/usart.o
 .text.LL_DMA_EnableIT_HT
                0x000000000800105c       0x40 ./Core/Src/usart.o
 .text.LL_DMA_EnableIT_TE
                0x000000000800109c       0x40 ./Core/Src/usart.o
 .text.LL_AHB1_GRP1_EnableClock
                0x00000000080010dc       0x30 ./Core/Src/usart.o
 .text.LL_APB2_GRP1_EnableClock
                0x000000000800110c       0x30 ./Core/Src/usart.o
 .text.LL_USART_Enable
                0x000000000800113c       0x20 ./Core/Src/usart.o
 .text.LL_USART_ConfigAsyncMode
                0x000000000800115c       0x2c ./Core/Src/usart.o
 .text.LL_USART_EnableIT_IDLE
                0x0000000008001188       0x42 ./Core/Src/usart.o
 .text.LL_USART_DisableIT_CTS
                0x00000000080011ca       0x46 ./Core/Src/usart.o
 .text.LL_USART_EnableDMAReq_RX
                0x0000000008001210       0x46 ./Core/Src/usart.o
 .text.LL_USART_EnableDMAReq_TX
                0x0000000008001256       0x46 ./Core/Src/usart.o
 .text.LL_USART_DMA_GetRegAddr
                0x000000000800129c       0x2c ./Core/Src/usart.o
 .text.USART1_RegisterCallback
                0x00000000080012c8       0x24 ./Core/Src/usart.o
                0x00000000080012c8                USART1_RegisterCallback
 .text.MX_USART1_UART_Init
                0x00000000080012ec      0x1c4 ./Core/Src/usart.o
                0x00000000080012ec                MX_USART1_UART_Init
 .text.USART1_CheckDmaReception
                0x00000000080014b0       0xc4 ./Core/Src/usart.o
                0x00000000080014b0                USART1_CheckDmaReception
 .text.Reset_Handler
                0x0000000008001574       0x50 ./Core/Startup/startup_stm32f302r8tx.o
                0x0000000008001574                Reset_Handler
 .text.Default_Handler
                0x00000000080015c4        0x2 ./Core/Startup/startup_stm32f302r8tx.o
                0x00000000080015c4                RTC_Alarm_IRQHandler
                0x00000000080015c4                TIM1_CC_IRQHandler
                0x00000000080015c4                USB_HP_IRQHandler
                0x00000000080015c4                PVD_IRQHandler
                0x00000000080015c4                TAMP_STAMP_IRQHandler
                0x00000000080015c4                EXTI3_IRQHandler
                0x00000000080015c4                I2C3_ER_IRQHandler
                0x00000000080015c4                USB_HP_CAN_TX_IRQHandler
                0x00000000080015c4                EXTI0_IRQHandler
                0x00000000080015c4                I2C2_EV_IRQHandler
                0x00000000080015c4                FPU_IRQHandler
                0x00000000080015c4                TIM1_UP_TIM16_IRQHandler
                0x00000000080015c4                CAN_SCE_IRQHandler
                0x00000000080015c4                TIM6_DAC_IRQHandler
                0x00000000080015c4                ADC1_IRQHandler
                0x00000000080015c4                USART3_IRQHandler
                0x00000000080015c4                DMA1_Channel7_IRQHandler
                0x00000000080015c4                CAN_RX1_IRQHandler
                0x00000000080015c4                I2C1_EV_IRQHandler
                0x00000000080015c4                DMA1_Channel6_IRQHandler
                0x00000000080015c4                RCC_IRQHandler
                0x00000000080015c4                DMA1_Channel1_IRQHandler
                0x00000000080015c4                Default_Handler
                0x00000000080015c4                USBWakeUp_RMP_IRQHandler
                0x00000000080015c4                EXTI15_10_IRQHandler
                0x00000000080015c4                COMP2_IRQHandler
                0x00000000080015c4                I2C3_EV_IRQHandler
                0x00000000080015c4                EXTI9_5_IRQHandler
                0x00000000080015c4                RTC_WKUP_IRQHandler
                0x00000000080015c4                SPI2_IRQHandler
                0x00000000080015c4                USB_LP_CAN_RX0_IRQHandler
                0x00000000080015c4                USB_LP_IRQHandler
                0x00000000080015c4                EXTI4_IRQHandler
                0x00000000080015c4                TIM1_TRG_COM_TIM17_IRQHandler
                0x00000000080015c4                DMA1_Channel3_IRQHandler
                0x00000000080015c4                WWDG_IRQHandler
                0x00000000080015c4                TIM2_IRQHandler
                0x00000000080015c4                EXTI1_IRQHandler
                0x00000000080015c4                COMP4_6_IRQHandler
                0x00000000080015c4                USART2_IRQHandler
                0x00000000080015c4                I2C2_ER_IRQHandler
                0x00000000080015c4                DMA1_Channel2_IRQHandler
                0x00000000080015c4                FLASH_IRQHandler
                0x00000000080015c4                SPI3_IRQHandler
                0x00000000080015c4                I2C1_ER_IRQHandler
                0x00000000080015c4                USBWakeUp_IRQHandler
                0x00000000080015c4                EXTI2_TSC_IRQHandler
                0x00000000080015c4                TIM1_BRK_TIM15_IRQHandler
 .text.LL_GPIO_SetPinMode
                0x00000000080015c6       0x5e ./Drivers/STM32F3xx_HAL_Driver/Src/stm32f3xx_ll_gpio.o
 .text.LL_GPIO_SetPinOutputType
                0x0000000008001624       0x30 ./Drivers/STM32F3xx_HAL_Driver/Src/stm32f3xx_ll_gpio.o
 .text.LL_GPIO_SetPinSpeed
                0x0000000008001654       0x5e ./Drivers/STM32F3xx_HAL_Driver/Src/stm32f3xx_ll_gpio.o
 .text.LL_GPIO_SetPinPull
                0x00000000080016b2       0x5e ./Drivers/STM32F3xx_HAL_Driver/Src/stm32f3xx_ll_gpio.o
 .text.LL_GPIO_SetAFPin_0_7
                0x0000000008001710       0x5e ./Drivers/STM32F3xx_HAL_Driver/Src/stm32f3xx_ll_gpio.o
 .text.LL_GPIO_SetAFPin_8_15
                0x000000000800176e       0x62 ./Drivers/STM32F3xx_HAL_Driver/Src/stm32f3xx_ll_gpio.o
 .text.LL_GPIO_Init
                0x00000000080017d0       0xe0 ./Drivers/STM32F3xx_HAL_Driver/Src/stm32f3xx_ll_gpio.o
                0x00000000080017d0                LL_GPIO_Init
 .text.LL_RCC_HSI_IsReady
                0x00000000080018b0       0x24 ./Drivers/STM32F3xx_HAL_Driver/Src/stm32f3xx_ll_rcc.o
 .text.LL_RCC_LSE_IsReady
                0x00000000080018d4       0x24 ./Drivers/STM32F3xx_HAL_Driver/Src/stm32f3xx_ll_rcc.o
 .text.LL_RCC_GetSysClkSource
                0x00000000080018f8       0x1c ./Drivers/STM32F3xx_HAL_Driver/Src/stm32f3xx_ll_rcc.o
 .text.LL_RCC_GetAHBPrescaler
                0x0000000008001914       0x1c ./Drivers/STM32F3xx_HAL_Driver/Src/stm32f3xx_ll_rcc.o
 .text.LL_RCC_GetAPB1Prescaler
                0x0000000008001930       0x1c ./Drivers/STM32F3xx_HAL_Driver/Src/stm32f3xx_ll_rcc.o
 .text.LL_RCC_GetAPB2Prescaler
                0x000000000800194c       0x1c ./Drivers/STM32F3xx_HAL_Driver/Src/stm32f3xx_ll_rcc.o
 .text.LL_RCC_GetUSARTClockSource
                0x0000000008001968       0x2c ./Drivers/STM32F3xx_HAL_Driver/Src/stm32f3xx_ll_rcc.o
 .text.LL_RCC_PLL_GetMainSource
                0x0000000008001994       0x1c ./Drivers/STM32F3xx_HAL_Driver/Src/stm32f3xx_ll_rcc.o
 .text.LL_RCC_PLL_GetMultiplicator
                0x00000000080019b0       0x1c ./Drivers/STM32F3xx_HAL_Driver/Src/stm32f3xx_ll_rcc.o
 .text.LL_RCC_PLL_GetPrediv
                0x00000000080019cc       0x1c ./Drivers/STM32F3xx_HAL_Driver/Src/stm32f3xx_ll_rcc.o
 .text.LL_RCC_GetSystemClocksFreq
                0x00000000080019e8       0x4a ./Drivers/STM32F3xx_HAL_Driver/Src/stm32f3xx_ll_rcc.o
                0x00000000080019e8                LL_RCC_GetSystemClocksFreq
 *fill*         0x0000000008001a32        0x2 
 .text.LL_RCC_GetUSARTClockFreq
                0x0000000008001a34       0x84 ./Drivers/STM32F3xx_HAL_Driver/Src/stm32f3xx_ll_rcc.o
                0x0000000008001a34                LL_RCC_GetUSARTClockFreq
 .text.RCC_GetSystemClockFreq
                0x0000000008001ab8       0x4c ./Drivers/STM32F3xx_HAL_Driver/Src/stm32f3xx_ll_rcc.o
                0x0000000008001ab8                RCC_GetSystemClockFreq
 .text.RCC_GetHCLKClockFreq
                0x0000000008001b04       0x2c ./Drivers/STM32F3xx_HAL_Driver/Src/stm32f3xx_ll_rcc.o
                0x0000000008001b04                RCC_GetHCLKClockFreq
 .text.RCC_GetPCLK1ClockFreq
                0x0000000008001b30       0x28 ./Drivers/STM32F3xx_HAL_Driver/Src/stm32f3xx_ll_rcc.o
                0x0000000008001b30                RCC_GetPCLK1ClockFreq
 .text.RCC_GetPCLK2ClockFreq
                0x0000000008001b58       0x28 ./Drivers/STM32F3xx_HAL_Driver/Src/stm32f3xx_ll_rcc.o
                0x0000000008001b58                RCC_GetPCLK2ClockFreq
 .text.RCC_PLL_GetFreqDomain_SYS
                0x0000000008001b80       0x7c ./Drivers/STM32F3xx_HAL_Driver/Src/stm32f3xx_ll_rcc.o
                0x0000000008001b80                RCC_PLL_GetFreqDomain_SYS
 .text.LL_USART_IsEnabled
                0x0000000008001bfc       0x26 ./Drivers/STM32F3xx_HAL_Driver/Src/stm32f3xx_ll_usart.o
 .text.LL_USART_SetStopBitsLength
                0x0000000008001c22       0x26 ./Drivers/STM32F3xx_HAL_Driver/Src/stm32f3xx_ll_usart.o
 .text.LL_USART_SetHWFlowCtrl
                0x0000000008001c48       0x26 ./Drivers/STM32F3xx_HAL_Driver/Src/stm32f3xx_ll_usart.o
 .text.LL_USART_SetBaudRate
                0x0000000008001c6e       0x6e ./Drivers/STM32F3xx_HAL_Driver/Src/stm32f3xx_ll_usart.o
 .text.LL_USART_Init
                0x0000000008001cdc       0xd8 ./Drivers/STM32F3xx_HAL_Driver/Src/stm32f3xx_ll_usart.o
                0x0000000008001cdc                LL_USART_Init
 .text.LL_InitTick
                0x0000000008001db4       0x34 ./Drivers/STM32F3xx_HAL_Driver/Src/stm32f3xx_ll_utils.o
 .text.LL_Init1msTick
                0x0000000008001de8       0x1a ./Drivers/STM32F3xx_HAL_Driver/Src/stm32f3xx_ll_utils.o
                0x0000000008001de8                LL_Init1msTick
 *fill*         0x0000000008001e02        0x2 
 .text.LL_SetSystemCoreClock
                0x0000000008001e04       0x20 ./Drivers/STM32F3xx_HAL_Driver/Src/stm32f3xx_ll_utils.o
                0x0000000008001e04                LL_SetSystemCoreClock
 .text.__libc_init_array
                0x0000000008001e24       0x48 C:/ST/STM32CubeIDE_1.13.2/STM32CubeIDE/plugins/com.st.stm32cube.ide.mcu.externaltools.gnu-tools-for-stm32.11.3.rel1.win32_1.1.1.202309131626/tools/bin/../lib/gcc/arm-none-eabi/11.3.1/../../../../arm-none-eabi/lib/thumb/v7e-m+fp/hard\libc_nano.a(libc_a-init.o)
                0x0000000008001e24                __libc_init_array
 *(.glue_7)
 .glue_7        0x0000000008001e6c        0x0 linker stubs
 *(.glue_7t)
 .glue_7t       0x0000000008001e6c        0x0 linker stubs
 *(.eh_frame)
 .eh_frame      0x0000000008001e6c        0x0 C:/ST/STM32CubeIDE_1.13.2/STM32CubeIDE/plugins/com.st.stm32cube.ide.mcu.externaltools.gnu-tools-for-stm32.11.3.rel1.win32_1.1.1.202309131626/tools/bin/../lib/gcc/arm-none-eabi/11.3.1/thumb/v7e-m+fp/hard/crtbegin.o
 *(.init)
 .init          0x0000000008001e6c        0x4 C:/ST/STM32CubeIDE_1.13.2/STM32CubeIDE/plugins/com.st.stm32cube.ide.mcu.externaltools.gnu-tools-for-stm32.11.3.rel1.win32_1.1.1.202309131626/tools/bin/../lib/gcc/arm-none-eabi/11.3.1/thumb/v7e-m+fp/hard/crti.o
                0x0000000008001e6c                _init
 .init          0x0000000008001e70        0x8 C:/ST/STM32CubeIDE_1.13.2/STM32CubeIDE/plugins/com.st.stm32cube.ide.mcu.externaltools.gnu-tools-for-stm32.11.3.rel1.win32_1.1.1.202309131626/tools/bin/../lib/gcc/arm-none-eabi/11.3.1/thumb/v7e-m+fp/hard/crtn.o
 *(.fini)
 .fini          0x0000000008001e78        0x4 C:/ST/STM32CubeIDE_1.13.2/STM32CubeIDE/plugins/com.st.stm32cube.ide.mcu.externaltools.gnu-tools-for-stm32.11.3.rel1.win32_1.1.1.202309131626/tools/bin/../lib/gcc/arm-none-eabi/11.3.1/thumb/v7e-m+fp/hard/crti.o
                0x0000000008001e78                _fini
 .fini          0x0000000008001e7c        0x8 C:/ST/STM32CubeIDE_1.13.2/STM32CubeIDE/plugins/com.st.stm32cube.ide.mcu.externaltools.gnu-tools-for-stm32.11.3.rel1.win32_1.1.1.202309131626/tools/bin/../lib/gcc/arm-none-eabi/11.3.1/thumb/v7e-m+fp/hard/crtn.o
                0x0000000008001e84                . = ALIGN (0x4)
                0x0000000008001e84                _etext = .

.vfp11_veneer   0x0000000008001e84        0x0
 .vfp11_veneer  0x0000000008001e84        0x0 linker stubs

.v4_bx          0x0000000008001e84        0x0
 .v4_bx         0x0000000008001e84        0x0 linker stubs

.iplt           0x0000000008001e84        0x0
 .iplt          0x0000000008001e84        0x0 C:/ST/STM32CubeIDE_1.13.2/STM32CubeIDE/plugins/com.st.stm32cube.ide.mcu.externaltools.gnu-tools-for-stm32.11.3.rel1.win32_1.1.1.202309131626/tools/bin/../lib/gcc/arm-none-eabi/11.3.1/thumb/v7e-m+fp/hard/crtbegin.o

.rodata         0x0000000008001e84       0x28
                0x0000000008001e84                . = ALIGN (0x4)
 *(.rodata)
 *(.rodata*)
 .rodata.CHANNEL_OFFSET_TAB
                0x0000000008001e84        0x7 ./Core/Src/stm32f3xx_it.o
 *fill*         0x0000000008001e8b        0x1 
 .rodata.AHBPrescTable
                0x0000000008001e8c       0x10 ./Core/Src/system_stm32f3xx.o
                0x0000000008001e8c                AHBPrescTable
 .rodata.APBPrescTable
                0x0000000008001e9c        0x8 ./Core/Src/system_stm32f3xx.o
                0x0000000008001e9c                APBPrescTable
 .rodata.CHANNEL_OFFSET_TAB
                0x0000000008001ea4        0x7 ./Core/Src/usart.o
                0x0000000008001eac                . = ALIGN (0x4)
 *fill*         0x0000000008001eab        0x1 

.rel.dyn        0x0000000008001eac        0x0
 .rel.iplt      0x0000000008001eac        0x0 C:/ST/STM32CubeIDE_1.13.2/STM32CubeIDE/plugins/com.st.stm32cube.ide.mcu.externaltools.gnu-tools-for-stm32.11.3.rel1.win32_1.1.1.202309131626/tools/bin/../lib/gcc/arm-none-eabi/11.3.1/thumb/v7e-m+fp/hard/crtbegin.o

.ARM.extab      0x0000000008001eac        0x0
                0x0000000008001eac                . = ALIGN (0x4)
 *(.ARM.extab* .gnu.linkonce.armextab.*)
                0x0000000008001eac                . = ALIGN (0x4)

.ARM            0x0000000008001eac        0x0
                0x0000000008001eac                . = ALIGN (0x4)
                0x0000000008001eac                __exidx_start = .
 *(.ARM.exidx*)
                0x0000000008001eac                __exidx_end = .
                0x0000000008001eac                . = ALIGN (0x4)

.preinit_array  0x0000000008001eac        0x0
                0x0000000008001eac                . = ALIGN (0x4)
                0x0000000008001eac                PROVIDE (__preinit_array_start = .)
 *(.preinit_array*)
                0x0000000008001eac                PROVIDE (__preinit_array_end = .)
                0x0000000008001eac                . = ALIGN (0x4)

.init_array     0x0000000008001eac        0x4
                0x0000000008001eac                . = ALIGN (0x4)
                0x0000000008001eac                PROVIDE (__init_array_start = .)
 *(SORT_BY_NAME(.init_array.*))
 *(.init_array*)
 .init_array    0x0000000008001eac        0x4 C:/ST/STM32CubeIDE_1.13.2/STM32CubeIDE/plugins/com.st.stm32cube.ide.mcu.externaltools.gnu-tools-for-stm32.11.3.rel1.win32_1.1.1.202309131626/tools/bin/../lib/gcc/arm-none-eabi/11.3.1/thumb/v7e-m+fp/hard/crtbegin.o
                0x0000000008001eb0                PROVIDE (__init_array_end = .)
                0x0000000008001eb0                . = ALIGN (0x4)

.fini_array     0x0000000008001eb0        0x4
                0x0000000008001eb0                . = ALIGN (0x4)
                [!provide]                        PROVIDE (__fini_array_start = .)
 *(SORT_BY_NAME(.fini_array.*))
 *(.fini_array*)
 .fini_array    0x0000000008001eb0        0x4 C:/ST/STM32CubeIDE_1.13.2/STM32CubeIDE/plugins/com.st.stm32cube.ide.mcu.externaltools.gnu-tools-for-stm32.11.3.rel1.win32_1.1.1.202309131626/tools/bin/../lib/gcc/arm-none-eabi/11.3.1/thumb/v7e-m+fp/hard/crtbegin.o
                [!provide]                        PROVIDE (__fini_array_end = .)
                0x0000000008001eb4                . = ALIGN (0x4)
                0x0000000008001eb4                _sidata = LOADADDR (.data)

.data           0x0000000020000000        0x4 load address 0x0000000008001eb4
                0x0000000020000000                . = ALIGN (0x4)
                0x0000000020000000                _sdata = .
 *(.data)
 *(.data*)
 .data.SystemCoreClock
                0x0000000020000000        0x4 ./Core/Src/system_stm32f3xx.o
                0x0000000020000000                SystemCoreClock
 *(.RamFunc)
 *(.RamFunc*)
                0x0000000020000004                . = ALIGN (0x4)
                0x0000000020000004                _edata = .

.igot.plt       0x0000000020000004        0x0 load address 0x0000000008001eb8
 .igot.plt      0x0000000020000004        0x0 C:/ST/STM32CubeIDE_1.13.2/STM32CubeIDE/plugins/com.st.stm32cube.ide.mcu.externaltools.gnu-tools-for-stm32.11.3.rel1.win32_1.1.1.202309131626/tools/bin/../lib/gcc/arm-none-eabi/11.3.1/thumb/v7e-m+fp/hard/crtbegin.o
                0x0000000020000004                . = ALIGN (0x4)

.bss            0x0000000020000004       0xa4 load address 0x0000000008001eb8
                0x0000000020000004                _sbss = .
                0x0000000020000004                __bss_start__ = _sbss
 *(.bss)
 .bss           0x0000000020000004       0x1c C:/ST/STM32CubeIDE_1.13.2/STM32CubeIDE/plugins/com.st.stm32cube.ide.mcu.externaltools.gnu-tools-for-stm32.11.3.rel1.win32_1.1.1.202309131626/tools/bin/../lib/gcc/arm-none-eabi/11.3.1/thumb/v7e-m+fp/hard/crtbegin.o
 *(.bss*)
 .bss.bufferUSART1dma
                0x0000000020000020       0x80 ./Core/Src/usart.o
                0x0000000020000020                bufferUSART1dma
 .bss.USART1_ProcessData
                0x00000000200000a0        0x4 ./Core/Src/usart.o
 .bss.buf_read_pos
                0x00000000200000a4        0x2 ./Core/Src/usart.o
                0x00000000200000a4                buf_read_pos
 *(COMMON)
                0x00000000200000a8                . = ALIGN (0x4)
 *fill*         0x00000000200000a6        0x2 
                0x00000000200000a8                _ebss = .
                0x00000000200000a8                __bss_end__ = _ebss

._user_heap_stack
                0x00000000200000a8      0x600 load address 0x0000000008001eb8
                0x00000000200000a8                . = ALIGN (0x8)
                [!provide]                        PROVIDE (end = .)
                0x00000000200000a8                PROVIDE (_end = .)
                0x00000000200002a8                . = (. + _Min_Heap_Size)
 *fill*         0x00000000200000a8      0x200 
                0x00000000200006a8                . = (. + _Min_Stack_Size)
 *fill*         0x00000000200002a8      0x400 
                0x00000000200006a8                . = ALIGN (0x8)

/DISCARD/
 libc.a(*)
 libm.a(*)
 libgcc.a(*)

.ARM.attributes
                0x0000000000000000       0x30
 *(.ARM.attributes)
 .ARM.attributes
                0x0000000000000000       0x1e C:/ST/STM32CubeIDE_1.13.2/STM32CubeIDE/plugins/com.st.stm32cube.ide.mcu.externaltools.gnu-tools-for-stm32.11.3.rel1.win32_1.1.1.202309131626/tools/bin/../lib/gcc/arm-none-eabi/11.3.1/thumb/v7e-m+fp/hard/crti.o
 .ARM.attributes
                0x000000000000001e       0x34 C:/ST/STM32CubeIDE_1.13.2/STM32CubeIDE/plugins/com.st.stm32cube.ide.mcu.externaltools.gnu-tools-for-stm32.11.3.rel1.win32_1.1.1.202309131626/tools/bin/../lib/gcc/arm-none-eabi/11.3.1/thumb/v7e-m+fp/hard/crtbegin.o
 .ARM.attributes
                0x0000000000000052       0x34 ./Core/Drivers/RGB_led/RGB_led.o
 .ARM.attributes
                0x0000000000000086       0x34 ./Core/Src/dma.o
 .ARM.attributes
                0x00000000000000ba       0x34 ./Core/Src/gpio.o
 .ARM.attributes
                0x00000000000000ee       0x34 ./Core/Src/main.o
 .ARM.attributes
                0x0000000000000122       0x34 ./Core/Src/stm32f3xx_it.o
 .ARM.attributes
                0x0000000000000156       0x34 ./Core/Src/system_stm32f3xx.o
 .ARM.attributes
                0x000000000000018a       0x34 ./Core/Src/usart.o
 .ARM.attributes
                0x00000000000001be       0x21 ./Core/Startup/startup_stm32f302r8tx.o
 .ARM.attributes
                0x00000000000001df       0x34 ./Drivers/STM32F3xx_HAL_Driver/Src/stm32f3xx_ll_gpio.o
 .ARM.attributes
                0x0000000000000213       0x34 ./Drivers/STM32F3xx_HAL_Driver/Src/stm32f3xx_ll_rcc.o
 .ARM.attributes
                0x0000000000000247       0x34 ./Drivers/STM32F3xx_HAL_Driver/Src/stm32f3xx_ll_usart.o
 .ARM.attributes
                0x000000000000027b       0x34 ./Drivers/STM32F3xx_HAL_Driver/Src/stm32f3xx_ll_utils.o
 .ARM.attributes
                0x00000000000002af       0x34 C:/ST/STM32CubeIDE_1.13.2/STM32CubeIDE/plugins/com.st.stm32cube.ide.mcu.externaltools.gnu-tools-for-stm32.11.3.rel1.win32_1.1.1.202309131626/tools/bin/../lib/gcc/arm-none-eabi/11.3.1/../../../../arm-none-eabi/lib/thumb/v7e-m+fp/hard\libc_nano.a(libc_a-init.o)
 .ARM.attributes
                0x00000000000002e3       0x1e C:/ST/STM32CubeIDE_1.13.2/STM32CubeIDE/plugins/com.st.stm32cube.ide.mcu.externaltools.gnu-tools-for-stm32.11.3.rel1.win32_1.1.1.202309131626/tools/bin/../lib/gcc/arm-none-eabi/11.3.1/thumb/v7e-m+fp/hard/crtn.o
OUTPUT(KilometerTracker.elf elf32-littlearm)
LOAD linker stubs
LOAD C:/ST/STM32CubeIDE_1.13.2/STM32CubeIDE/plugins/com.st.stm32cube.ide.mcu.externaltools.gnu-tools-for-stm32.11.3.rel1.win32_1.1.1.202309131626/tools/bin/../lib/gcc/arm-none-eabi/11.3.1/../../../../arm-none-eabi/lib/thumb/v7e-m+fp/hard\libc.a
LOAD C:/ST/STM32CubeIDE_1.13.2/STM32CubeIDE/plugins/com.st.stm32cube.ide.mcu.externaltools.gnu-tools-for-stm32.11.3.rel1.win32_1.1.1.202309131626/tools/bin/../lib/gcc/arm-none-eabi/11.3.1/../../../../arm-none-eabi/lib/thumb/v7e-m+fp/hard\libm.a
LOAD C:/ST/STM32CubeIDE_1.13.2/STM32CubeIDE/plugins/com.st.stm32cube.ide.mcu.externaltools.gnu-tools-for-stm32.11.3.rel1.win32_1.1.1.202309131626/tools/bin/../lib/gcc/arm-none-eabi/11.3.1/thumb/v7e-m+fp/hard\libgcc.a

.comment        0x0000000000000000       0x43
 .comment       0x0000000000000000       0x43 C:/ST/STM32CubeIDE_1.13.2/STM32CubeIDE/plugins/com.st.stm32cube.ide.mcu.externaltools.gnu-tools-for-stm32.11.3.rel1.win32_1.1.1.202309131626/tools/bin/../lib/gcc/arm-none-eabi/11.3.1/thumb/v7e-m+fp/hard/crtbegin.o
                                         0x44 (size before relaxing)
 .comment       0x0000000000000043       0x44 ./Core/Drivers/RGB_led/RGB_led.o
 .comment       0x0000000000000043       0x44 ./Core/Src/dma.o
 .comment       0x0000000000000043       0x44 ./Core/Src/gpio.o
 .comment       0x0000000000000043       0x44 ./Core/Src/main.o
 .comment       0x0000000000000043       0x44 ./Core/Src/stm32f3xx_it.o
 .comment       0x0000000000000043       0x44 ./Core/Src/system_stm32f3xx.o
 .comment       0x0000000000000043       0x44 ./Core/Src/usart.o
 .comment       0x0000000000000043       0x44 ./Drivers/STM32F3xx_HAL_Driver/Src/stm32f3xx_ll_gpio.o
 .comment       0x0000000000000043       0x44 ./Drivers/STM32F3xx_HAL_Driver/Src/stm32f3xx_ll_rcc.o
 .comment       0x0000000000000043       0x44 ./Drivers/STM32F3xx_HAL_Driver/Src/stm32f3xx_ll_usart.o
 .comment       0x0000000000000043       0x44 ./Drivers/STM32F3xx_HAL_Driver/Src/stm32f3xx_ll_utils.o

.debug_info     0x0000000000000000     0x4ffe
 .debug_info    0x0000000000000000      0x118 ./Core/Drivers/RGB_led/RGB_led.o
 .debug_info    0x0000000000000118      0x749 ./Core/Src/dma.o
 .debug_info    0x0000000000000861      0x479 ./Core/Src/gpio.o
 .debug_info    0x0000000000000cda      0xa68 ./Core/Src/main.o
 .debug_info    0x0000000000001742      0x4b5 ./Core/Src/stm32f3xx_it.o
 .debug_info    0x0000000000001bf7      0x400 ./Core/Src/system_stm32f3xx.o
 .debug_info    0x0000000000001ff7     0x12f9 ./Core/Src/usart.o
 .debug_info    0x00000000000032f0       0x23 ./Core/Startup/startup_stm32f302r8tx.o
 .debug_info    0x0000000000003313      0x6e7 ./Drivers/STM32F3xx_HAL_Driver/Src/stm32f3xx_ll_gpio.o
 .debug_info    0x00000000000039fa      0x777 ./Drivers/STM32F3xx_HAL_Driver/Src/stm32f3xx_ll_rcc.o
 .debug_info    0x0000000000004171      0x68a ./Drivers/STM32F3xx_HAL_Driver/Src/stm32f3xx_ll_usart.o
 .debug_info    0x00000000000047fb      0x803 ./Drivers/STM32F3xx_HAL_Driver/Src/stm32f3xx_ll_utils.o

.debug_abbrev   0x0000000000000000     0x151b
 .debug_abbrev  0x0000000000000000       0xad ./Core/Drivers/RGB_led/RGB_led.o
 .debug_abbrev  0x00000000000000ad      0x197 ./Core/Src/dma.o
 .debug_abbrev  0x0000000000000244      0x1f7 ./Core/Src/gpio.o
 .debug_abbrev  0x000000000000043b      0x251 ./Core/Src/main.o
 .debug_abbrev  0x000000000000068c      0x189 ./Core/Src/stm32f3xx_it.o
 .debug_abbrev  0x0000000000000815      0x11a ./Core/Src/system_stm32f3xx.o
 .debug_abbrev  0x000000000000092f      0x2e0 ./Core/Src/usart.o
 .debug_abbrev  0x0000000000000c0f       0x12 ./Core/Startup/startup_stm32f302r8tx.o
 .debug_abbrev  0x0000000000000c21      0x21e ./Drivers/STM32F3xx_HAL_Driver/Src/stm32f3xx_ll_gpio.o
 .debug_abbrev  0x0000000000000e3f      0x246 ./Drivers/STM32F3xx_HAL_Driver/Src/stm32f3xx_ll_rcc.o
 .debug_abbrev  0x0000000000001085      0x1dd ./Drivers/STM32F3xx_HAL_Driver/Src/stm32f3xx_ll_usart.o
 .debug_abbrev  0x0000000000001262      0x2b9 ./Drivers/STM32F3xx_HAL_Driver/Src/stm32f3xx_ll_utils.o

.debug_aranges  0x0000000000000000      0x6b8
 .debug_aranges
                0x0000000000000000       0x20 ./Core/Drivers/RGB_led/RGB_led.o
 .debug_aranges
                0x0000000000000020       0x48 ./Core/Src/dma.o
 .debug_aranges
                0x0000000000000068       0x58 ./Core/Src/gpio.o
 .debug_aranges
                0x00000000000000c0       0xc0 ./Core/Src/main.o
 .debug_aranges
                0x0000000000000180       0xc8 ./Core/Src/stm32f3xx_it.o
 .debug_aranges
                0x0000000000000248       0x28 ./Core/Src/system_stm32f3xx.o
 .debug_aranges
                0x0000000000000270      0x118 ./Core/Src/usart.o
 .debug_aranges
                0x0000000000000388       0x28 ./Core/Startup/startup_stm32f302r8tx.o
 .debug_aranges
                0x00000000000003b0       0x70 ./Drivers/STM32F3xx_HAL_Driver/Src/stm32f3xx_ll_gpio.o
 .debug_aranges
                0x0000000000000420      0x120 ./Drivers/STM32F3xx_HAL_Driver/Src/stm32f3xx_ll_rcc.o
 .debug_aranges
                0x0000000000000540       0x88 ./Drivers/STM32F3xx_HAL_Driver/Src/stm32f3xx_ll_usart.o
 .debug_aranges
                0x00000000000005c8       0xf0 ./Drivers/STM32F3xx_HAL_Driver/Src/stm32f3xx_ll_utils.o

.debug_rnglists
                0x0000000000000000      0x4de
 .debug_rnglists
                0x0000000000000000       0x13 ./Core/Drivers/RGB_led/RGB_led.o
 .debug_rnglists
                0x0000000000000013       0x31 ./Core/Src/dma.o
 .debug_rnglists
                0x0000000000000044       0x3f ./Core/Src/gpio.o
 .debug_rnglists
                0x0000000000000083       0x8b ./Core/Src/main.o
 .debug_rnglists
                0x000000000000010e       0x91 ./Core/Src/stm32f3xx_it.o
 .debug_rnglists
                0x000000000000019f       0x1a ./Core/Src/system_stm32f3xx.o
 .debug_rnglists
                0x00000000000001b9       0xcf ./Core/Src/usart.o
 .debug_rnglists
                0x0000000000000288       0x19 ./Core/Startup/startup_stm32f302r8tx.o
 .debug_rnglists
                0x00000000000002a1       0x51 ./Drivers/STM32F3xx_HAL_Driver/Src/stm32f3xx_ll_gpio.o
 .debug_rnglists
                0x00000000000002f2       0xd8 ./Drivers/STM32F3xx_HAL_Driver/Src/stm32f3xx_ll_rcc.o
 .debug_rnglists
                0x00000000000003ca       0x62 ./Drivers/STM32F3xx_HAL_Driver/Src/stm32f3xx_ll_usart.o
 .debug_rnglists
                0x000000000000042c       0xb2 ./Drivers/STM32F3xx_HAL_Driver/Src/stm32f3xx_ll_utils.o

.debug_macro    0x0000000000000000    0x14e5a
 .debug_macro   0x0000000000000000      0x144 ./Core/Drivers/RGB_led/RGB_led.o
 .debug_macro   0x0000000000000144       0x2e ./Core/Drivers/RGB_led/RGB_led.o
 .debug_macro   0x0000000000000172       0x28 ./Core/Drivers/RGB_led/RGB_led.o
 .debug_macro   0x000000000000019a       0x8e ./Core/Drivers/RGB_led/RGB_led.o
 .debug_macro   0x0000000000000228       0x51 ./Core/Drivers/RGB_led/RGB_led.o
 .debug_macro   0x0000000000000279      0x103 ./Core/Drivers/RGB_led/RGB_led.o
 .debug_macro   0x000000000000037c       0x6a ./Core/Drivers/RGB_led/RGB_led.o
 .debug_macro   0x00000000000003e6      0x1df ./Core/Drivers/RGB_led/RGB_led.o
 .debug_macro   0x00000000000005c5       0x1c ./Core/Drivers/RGB_led/RGB_led.o
 .debug_macro   0x00000000000005e1       0x22 ./Core/Drivers/RGB_led/RGB_led.o
 .debug_macro   0x0000000000000603       0xd9 ./Core/Drivers/RGB_led/RGB_led.o
 .debug_macro   0x00000000000006dc      0xf07 ./Core/Drivers/RGB_led/RGB_led.o
 .debug_macro   0x00000000000015e3    0x110e8 ./Core/Drivers/RGB_led/RGB_led.o
 .debug_macro   0x00000000000126cb       0x6d ./Core/Drivers/RGB_led/RGB_led.o
 .debug_macro   0x0000000000012738      0x281 ./Core/Drivers/RGB_led/RGB_led.o
 .debug_macro   0x00000000000129b9      0x555 ./Core/Drivers/RGB_led/RGB_led.o
 .debug_macro   0x0000000000012f0e       0xe9 ./Core/Drivers/RGB_led/RGB_led.o
 .debug_macro   0x0000000000012ff7      0x1f5 ./Core/Drivers/RGB_led/RGB_led.o
 .debug_macro   0x00000000000131ec      0x111 ./Core/Drivers/RGB_led/RGB_led.o
 .debug_macro   0x00000000000132fd       0x28 ./Core/Drivers/RGB_led/RGB_led.o
 .debug_macro   0x0000000000013325       0x30 ./Core/Drivers/RGB_led/RGB_led.o
 .debug_macro   0x0000000000013355       0xae ./Core/Drivers/RGB_led/RGB_led.o
 .debug_macro   0x0000000000013403      0x2f7 ./Core/Drivers/RGB_led/RGB_led.o
 .debug_macro   0x00000000000136fa      0x142 ./Core/Drivers/RGB_led/RGB_led.o
 .debug_macro   0x000000000001383c       0x22 ./Core/Drivers/RGB_led/RGB_led.o
 .debug_macro   0x000000000001385e       0x16 ./Core/Drivers/RGB_led/RGB_led.o
 .debug_macro   0x0000000000013874      0x135 ./Core/Src/dma.o
 .debug_macro   0x00000000000139a9      0x135 ./Core/Src/gpio.o
 .debug_macro   0x0000000000013ade      0x167 ./Core/Src/main.o
 .debug_macro   0x0000000000013c45       0x10 ./Core/Src/main.o
 .debug_macro   0x0000000000013c55       0x1c ./Core/Src/main.o
 .debug_macro   0x0000000000013c71       0x9a ./Core/Src/main.o
 .debug_macro   0x0000000000013d0b       0x34 ./Core/Src/main.o
 .debug_macro   0x0000000000013d3f      0x149 ./Core/Src/stm32f3xx_it.o
 .debug_macro   0x0000000000013e88       0xbc ./Core/Src/system_stm32f3xx.o
 .debug_macro   0x0000000000013f44      0x13b ./Core/Src/usart.o
 .debug_macro   0x000000000001407f       0xfe ./Drivers/STM32F3xx_HAL_Driver/Src/stm32f3xx_ll_gpio.o
 .debug_macro   0x000000000001417d      0x13c ./Drivers/STM32F3xx_HAL_Driver/Src/stm32f3xx_ll_gpio.o
 .debug_macro   0x00000000000142b9       0xf6 ./Drivers/STM32F3xx_HAL_Driver/Src/stm32f3xx_ll_rcc.o
 .debug_macro   0x00000000000143af      0x54f ./Drivers/STM32F3xx_HAL_Driver/Src/stm32f3xx_ll_rcc.o
 .debug_macro   0x00000000000148fe      0x131 ./Drivers/STM32F3xx_HAL_Driver/Src/stm32f3xx_ll_usart.o
 .debug_macro   0x0000000000014a2f      0x2f1 ./Drivers/STM32F3xx_HAL_Driver/Src/stm32f3xx_ll_usart.o
 .debug_macro   0x0000000000014d20      0x13a ./Drivers/STM32F3xx_HAL_Driver/Src/stm32f3xx_ll_utils.o

.debug_line     0x0000000000000000     0x5aa8
 .debug_line    0x0000000000000000      0x611 ./Core/Drivers/RGB_led/RGB_led.o
 .debug_line    0x0000000000000611      0x6f4 ./Core/Src/dma.o
 .debug_line    0x0000000000000d05      0x75c ./Core/Src/gpio.o
 .debug_line    0x0000000000001461      0x997 ./Core/Src/main.o
 .debug_line    0x0000000000001df8      0x881 ./Core/Src/stm32f3xx_it.o
 .debug_line    0x0000000000002679      0x558 ./Core/Src/system_stm32f3xx.o
 .debug_line    0x0000000000002bd1      0xb2b ./Core/Src/usart.o
 .debug_line    0x00000000000036fc       0x7a ./Core/Startup/startup_stm32f302r8tx.o
 .debug_line    0x0000000000003776      0x7ba ./Drivers/STM32F3xx_HAL_Driver/Src/stm32f3xx_ll_gpio.o
 .debug_line    0x0000000000003f30      0xa7b ./Drivers/STM32F3xx_HAL_Driver/Src/stm32f3xx_ll_rcc.o
 .debug_line    0x00000000000049ab      0x76b ./Drivers/STM32F3xx_HAL_Driver/Src/stm32f3xx_ll_usart.o
 .debug_line    0x0000000000005116      0x992 ./Drivers/STM32F3xx_HAL_Driver/Src/stm32f3xx_ll_utils.o

.debug_str      0x0000000000000000    0x71257
 .debug_str     0x0000000000000000    0x6ddf8 ./Core/Drivers/RGB_led/RGB_led.o
                                      0x6df64 (size before relaxing)
 .debug_str     0x000000000006ddf8      0x45a ./Core/Src/dma.o
                                      0x6e43e (size before relaxing)
 .debug_str     0x000000000006e252      0x124 ./Core/Src/gpio.o
                                      0x6e091 (size before relaxing)
 .debug_str     0x000000000006e376      0x5d0 ./Core/Src/main.o
                                      0x6ea94 (size before relaxing)
 .debug_str     0x000000000006e946      0x277 ./Core/Src/stm32f3xx_it.o
                                      0x6e173 (size before relaxing)
 .debug_str     0x000000000006ebbd       0x7b ./Core/Src/system_stm32f3xx.o
                                      0x6697f (size before relaxing)
 .debug_str     0x000000000006ec38      0x382 ./Core/Src/usart.o
                                      0x6e91b (size before relaxing)
 .debug_str     0x000000000006efba       0x84 ./Core/Startup/startup_stm32f302r8tx.o
 .debug_str     0x000000000006f03e      0x645 ./Drivers/STM32F3xx_HAL_Driver/Src/stm32f3xx_ll_gpio.o
                                      0x67cde (size before relaxing)
 .debug_str     0x000000000006f683      0x6b2 ./Drivers/STM32F3xx_HAL_Driver/Src/stm32f3xx_ll_rcc.o
                                      0x6992f (size before relaxing)
 .debug_str     0x000000000006fd35      0x882 ./Drivers/STM32F3xx_HAL_Driver/Src/stm32f3xx_ll_usart.o
                                      0x6b298 (size before relaxing)
 .debug_str     0x00000000000705b7      0xca0 ./Drivers/STM32F3xx_HAL_Driver/Src/stm32f3xx_ll_utils.o
                                      0x6b65b (size before relaxing)

.debug_frame    0x0000000000000000     0x1a58
 .debug_frame   0x0000000000000000       0x34 ./Core/Drivers/RGB_led/RGB_led.o
 .debug_frame   0x0000000000000034       0xec ./Core/Src/dma.o
 .debug_frame   0x0000000000000120      0x140 ./Core/Src/gpio.o
 .debug_frame   0x0000000000000260      0x308 ./Core/Src/main.o
 .debug_frame   0x0000000000000568      0x2ec ./Core/Src/stm32f3xx_it.o
 .debug_frame   0x0000000000000854       0x58 ./Core/Src/system_stm32f3xx.o
 .debug_frame   0x00000000000008ac      0x510 ./Core/Src/usart.o
 .debug_frame   0x0000000000000dbc      0x1c0 ./Drivers/STM32F3xx_HAL_Driver/Src/stm32f3xx_ll_gpio.o
 .debug_frame   0x0000000000000f7c      0x4a0 ./Drivers/STM32F3xx_HAL_Driver/Src/stm32f3xx_ll_rcc.o
 .debug_frame   0x000000000000141c      0x234 ./Drivers/STM32F3xx_HAL_Driver/Src/stm32f3xx_ll_usart.o
 .debug_frame   0x0000000000001650      0x3dc ./Drivers/STM32F3xx_HAL_Driver/Src/stm32f3xx_ll_utils.o
 .debug_frame   0x0000000000001a2c       0x2c C:/ST/STM32CubeIDE_1.13.2/STM32CubeIDE/plugins/com.st.stm32cube.ide.mcu.externaltools.gnu-tools-for-stm32.11.3.rel1.win32_1.1.1.202309131626/tools/bin/../lib/gcc/arm-none-eabi/11.3.1/../../../../arm-none-eabi/lib/thumb/v7e-m+fp/hard\libc_nano.a(libc_a-init.o)

.debug_line_str
                0x0000000000000000       0x78
 .debug_line_str
                0x0000000000000000       0x78 ./Core/Startup/startup_stm32f302r8tx.o
                                         0x90 (size before relaxing)
