../Drivers/STM32F3xx_HAL_Driver/Inc/stm32f3xx_ll_dma.h:508:22:LL_DMA_DisableChannel	16	static
../Drivers/STM32F3xx_HAL_Driver/Inc/stm32f3xx_ll_dma.h:1298:26:LL_DMA_IsActiveFlag_TC6	16	static
../Drivers/STM32F3xx_HAL_Driver/Inc/stm32f3xx_ll_dma.h:1309:26:LL_DMA_IsActiveFlag_TC7	16	static
../Drivers/STM32F3xx_HAL_Driver/Inc/stm32f3xx_ll_dma.h:1375:26:LL_DMA_IsActiveFlag_HT6	16	static
../Drivers/STM32F3xx_HAL_Driver/Inc/stm32f3xx_ll_dma.h:1606:22:LL_DMA_ClearFlag_TC6	16	static
../Drivers/STM32F3xx_HAL_Driver/Inc/stm32f3xx_ll_dma.h:1617:22:LL_DMA_ClearFlag_TC7	16	static
../Drivers/STM32F3xx_HAL_Driver/Inc/stm32f3xx_ll_dma.h:1683:22:LL_DMA_ClearFlag_HT6	16	static
../Drivers/STM32F3xx_HAL_Driver/Inc/stm32f3xx_ll_usart.h:2569:26:LL_USART_IsActiveFlag_IDLE	16	static
../Drivers/STM32F3xx_HAL_Driver/Inc/stm32f3xx_ll_usart.h:2591:26:LL_USART_IsActiveFlag_TC	16	static
../Drivers/STM32F3xx_HAL_Driver/Inc/stm32f3xx_ll_usart.h:2825:22:LL_USART_ClearFlag_IDLE	16	static
../Core/Src/stm32f3xx_it.c:70:6:NMI_Handler	4	static
../Core/Src/stm32f3xx_it.c:85:6:HardFault_Handler	4	static
../Core/Src/stm32f3xx_it.c:100:6:MemManage_Handler	4	static
../Core/Src/stm32f3xx_it.c:115:6:BusFault_Handler	4	static
../Core/Src/stm32f3xx_it.c:130:6:UsageFault_Handler	4	static
../Core/Src/stm32f3xx_it.c:145:6:SVC_Handler	4	static
../Core/Src/stm32f3xx_it.c:158:6:DebugMon_Handler	4	static
../Core/Src/stm32f3xx_it.c:171:6:PendSV_Handler	4	static
../Core/Src/stm32f3xx_it.c:184:6:SysTick_Handler	4	static
../Core/Src/stm32f3xx_it.c:205:6:DMA1_Channel4_IRQHandler	8	static
../Core/Src/stm32f3xx_it.c:228:6:DMA1_Channel5_IRQHandler	8	static
../Core/Src/stm32f3xx_it.c:248:6:USART1_IRQHandler	8	static
